12:55:14 **** Build of project new01_bsp ****
make -k all 
"Running Make include in microblaze_0/libsrc/bram_v4_2/src"
make -C microblaze_0/libsrc/bram_v4_2/src -s include  "SHELL=CMD" "COMPILER=mb-gcc" "ARCHIVER=mb-ar" "COMPILER_FLAGS= -O2 -c -mcpu=v10.0 -mlittle-endian -mxl-soft-mul" "EXTRA_COMPILER_FLAGS=-ffunction-sections -fdata-sections -Wall -Wextra"
"Running Make include in microblaze_0/libsrc/cpu_v2_6/src"
make -C microblaze_0/libsrc/cpu_v2_6/src -s include  "SHELL=CMD" "COMPILER=mb-gcc" "ARCHIVER=mb-ar" "COMPILER_FLAGS= -O2 -c -mcpu=v10.0 -mlittle-endian -mxl-soft-mul" "EXTRA_COMPILER_FLAGS=-ffunction-sections -fdata-sections -Wall -Wextra"
"Running Make include in microblaze_0/libsrc/gpio_v4_3/src"
make -C microblaze_0/libsrc/gpio_v4_3/src -s include  "SHELL=CMD" "COMPILER=mb-gcc" "ARCHIVER=mb-ar" "COMPILER_FLAGS= -O2 -c -mcpu=v10.0 -mlittle-endian -mxl-soft-mul" "EXTRA_COMPILER_FLAGS=-ffunction-sections -fdata-sections -Wall -Wextra"
"Running Make include in microblaze_0/libsrc/intc_v3_7/src"
make -C microblaze_0/libsrc/intc_v3_7/src -s include  "SHELL=CMD" "COMPILER=mb-gcc" "ARCHIVER=mb-ar" "COMPILER_FLAGS= -O2 -c -mcpu=v10.0 -mlittle-endian -mxl-soft-mul" "EXTRA_COMPILER_FLAGS=-ffunction-sections -fdata-sections -Wall -Wextra"
"Running Make include in microblaze_0/libsrc/standalone_v6_5/src"
make -C microblaze_0/libsrc/standalone_v6_5/src -s include  "SHELL=CMD" "COMPILER=mb-gcc" "ARCHIVER=mb-ar" "COMPILER_FLAGS= -O2 -c -mcpu=v10.0 -mlittle-endian -mxl-soft-mul" "EXTRA_COMPILER_FLAGS=-ffunction-sections -fdata-sections -Wall -Wextra"
"Running Make include in microblaze_0/libsrc/tmrctr_v4_4/src"
make -C microblaze_0/libsrc/tmrctr_v4_4/src -s include  "SHELL=CMD" "COMPILER=mb-gcc" "ARCHIVER=mb-ar" "COMPILER_FLAGS= -O2 -c -mcpu=v10.0 -mlittle-endian -mxl-soft-mul" "EXTRA_COMPILER_FLAGS=-ffunction-sections -fdata-sections -Wall -Wextra"
"Running Make libs in microblaze_0/libsrc/bram_v4_2/src"
make -C microblaze_0/libsrc/bram_v4_2/src -s libs  "SHELL=CMD" "COMPILER=mb-gcc" "ARCHIVER=mb-ar" "COMPILER_FLAGS= -O2 -c -mcpu=v10.0 -mlittle-endian -mxl-soft-mul" "EXTRA_COMPILER_FLAGS=-ffunction-sections -fdata-sections -Wall -Wextra"
"Compiling bram"
mb-ar: creating ../../../lib/libxil.a
"Running Make libs in microblaze_0/libsrc/cpu_v2_6/src"
make -C microblaze_0/libsrc/cpu_v2_6/src -s libs  "SHELL=CMD" "COMPILER=mb-gcc" "ARCHIVER=mb-ar" "COMPILER_FLAGS= -O2 -c -mcpu=v10.0 -mlittle-endian -mxl-soft-mul" "EXTRA_COMPILER_FLAGS=-ffunction-sections -fdata-sections -Wall -Wextra"
"Compiling cpu"
"Running Make libs in microblaze_0/libsrc/gpio_v4_3/src"
make -C microblaze_0/libsrc/gpio_v4_3/src -s libs  "SHELL=CMD" "COMPILER=mb-gcc" "ARCHIVER=mb-ar" "COMPILER_FLAGS= -O2 -c -mcpu=v10.0 -mlittle-endian -mxl-soft-mul" "EXTRA_COMPILER_FLAGS=-ffunction-sections -fdata-sections -Wall -Wextra"
"Compiling gpio"
"Running Make libs in microblaze_0/libsrc/intc_v3_7/src"
make -C microblaze_0/libsrc/intc_v3_7/src -s libs  "SHELL=CMD" "COMPILER=mb-gcc" "ARCHIVER=mb-ar" "COMPILER_FLAGS= -O2 -c -mcpu=v10.0 -mlittle-endian -mxl-soft-mul" "EXTRA_COMPILER_FLAGS=-ffunction-sections -fdata-sections -Wall -Wextra"
"Compiling intc"
"Running Make libs in microblaze_0/libsrc/standalone_v6_5/src"
make -C microblaze_0/libsrc/standalone_v6_5/src -s libs  "SHELL=CMD" "COMPILER=mb-gcc" "ARCHIVER=mb-ar" "COMPILER_FLAGS= -O2 -c -mcpu=v10.0 -mlittle-endian -mxl-soft-mul" "EXTRA_COMPILER_FLAGS=-ffunction-sections -fdata-sections -Wall -Wextra"
"Compiling standalone";
inbyte.c: In function 'inbyte':
inbyte.c:11:1: warning: control reaches end of non-void function [-Wreturn-type]
 }
 ^
outbyte.c: In function 'outbyte':
outbyte.c:11:19: warning: unused parameter 'c' [-Wunused-parameter]
 void outbyte(char c) {
                   ^
"Running Make libs in microblaze_0/libsrc/tmrctr_v4_4/src"
make -C microblaze_0/libsrc/tmrctr_v4_4/src -s libs  "SHELL=CMD" "COMPILER=mb-gcc" "ARCHIVER=mb-ar" "COMPILER_FLAGS= -O2 -c -mcpu=v10.0 -mlittle-endian -mxl-soft-mul" "EXTRA_COMPILER_FLAGS=-ffunction-sections -fdata-sections -Wall -Wextra"
"Compiling tmrctr"
'Finished building libraries'
12:55:28 **** Build of configuration Debug for project new01 ****
make all 
'Building file: ../src/testperiph.c'
'Invoking: MicroBlaze gcc compiler'
mb-gcc -Wall -O0 -g3 -c -fmessage-length=0 -MT"src/testperiph.o" -I../../new01_bsp/microblaze_0/include -mlittle-endian -mcpu=v10.0 -mxl-soft-mul -Wl,--no-relax -ffunction-sections -fdata-sections -MMD -MP -MF"src/testperiph.d" -MT"src/testperiph.o" -o "src/testperiph.o" "../src/testperiph.c"
../src/testperiph.c: In function 'main':
../src/testperiph.c:50:11: warning: variable 'status' set but not used [-Wunused-but-set-variable]
       int status;
           ^~~~~~
../src/testperiph.c:57:12: warning: variable 'Status' set but not used [-Wunused-but-set-variable]
        int Status;
            ^~~~~~
../src/testperiph.c:66:11: warning: variable 'status' set but not used [-Wunused-but-set-variable]
       int status;
           ^~~~~~
../src/testperiph.c:73:11: warning: variable 'Status' set but not used [-Wunused-but-set-variable]
       int Status;
           ^~~~~~
../src/testperiph.c:82:11: warning: variable 'status' set but not used [-Wunused-but-set-variable]
       int status;
           ^~~~~~
'Finished building: ../src/testperiph.c'
' '
'Building file: ../src/xgpio_tapp_example.c'
'Invoking: MicroBlaze gcc compiler'
mb-gcc -Wall -O0 -g3 -c -fmessage-length=0 -MT"src/xgpio_tapp_example.o" -I../../new01_bsp/microblaze_0/include -mlittle-endian -mcpu=v10.0 -mxl-soft-mul -Wl,--no-relax -ffunction-sections -fdata-sections -MMD -MP -MF"src/xgpio_tapp_example.d" -MT"src/xgpio_tapp_example.o" -o "src/xgpio_tapp_example.o" "../src/xgpio_tapp_example.c"
'Finished building: ../src/xgpio_tapp_example.c'
' '
'Building file: ../src/xintc_tapp_example.c'
'Invoking: MicroBlaze gcc compiler'
mb-gcc -Wall -O0 -g3 -c -fmessage-length=0 -MT"src/xintc_tapp_example.o" -I../../new01_bsp/microblaze_0/include -mlittle-endian -mcpu=v10.0 -mxl-soft-mul -Wl,--no-relax -ffunction-sections -fdata-sections -MMD -MP -MF"src/xintc_tapp_example.d" -MT"src/xintc_tapp_example.o" -o "src/xintc_tapp_example.o" "../src/xintc_tapp_example.c"
'Finished building: ../src/xintc_tapp_example.c'
' '
'Building file: ../src/xtmrctr_intr_example.c'
'Invoking: MicroBlaze gcc compiler'
mb-gcc -Wall -O0 -g3 -c -fmessage-length=0 -MT"src/xtmrctr_intr_example.o" -I../../new01_bsp/microblaze_0/include -mlittle-endian -mcpu=v10.0 -mxl-soft-mul -Wl,--no-relax -ffunction-sections -fdata-sections -MMD -MP -MF"src/xtmrctr_intr_example.d" -MT"src/xtmrctr_intr_example.o" -o "src/xtmrctr_intr_example.o" "../src/xtmrctr_intr_example.c"
'Finished building: ../src/xtmrctr_intr_example.c'
' '
'Building file: ../src/xtmrctr_selftest_example.c'
'Invoking: MicroBlaze gcc compiler'
mb-gcc -Wall -O0 -g3 -c -fmessage-length=0 -MT"src/xtmrctr_selftest_example.o" -I../../new01_bsp/microblaze_0/include -mlittle-endian -mcpu=v10.0 -mxl-soft-mul -Wl,--no-relax -ffunction-sections -fdata-sections -MMD -MP -MF"src/xtmrctr_selftest_example.d" -MT"src/xtmrctr_selftest_example.o" -o "src/xtmrctr_selftest_example.o" "../src/xtmrctr_selftest_example.c"
'Finished building: ../src/xtmrctr_selftest_example.c'
' '
'Building target: new01.elf'
'Invoking: MicroBlaze gcc linker'
mb-gcc -Wl,-T -Wl,../src/lscript.ld -L../../new01_bsp/microblaze_0/lib -mlittle-endian -mcpu=v10.0 -mxl-soft-mul -Wl,--no-relax -Wl,--gc-sections -o "new01.elf"  ./src/testperiph.o ./src/xgpio_tapp_example.o ./src/xintc_tapp_example.o ./src/xtmrctr_intr_example.o ./src/xtmrctr_selftest_example.o   -Wl,--start-group,-lxil,-lgcc,-lc,--end-group
'Finished building target: new01.elf'
' '
'Invoking: MicroBlaze Print Size'
mb-size new01.elf  |tee "new01.elf.size"
   text	   data	    bss	    dec	    hex	filename
  11024	    344	   3400	  14768	   39b0	new01.elf
'Finished building: new01.elf.size'
' '
12:57:05 **** Auto Build of configuration Debug for project new01 ****
make all 
'Building file: ../src/gpiotest.c'
'Invoking: MicroBlaze gcc compiler'
mb-gcc -Wall -O0 -g3 -c -fmessage-length=0 -MT"src/gpiotest.o" -I../../new01_bsp/microblaze_0/include -mlittle-endian -mcpu=v10.0 -mxl-soft-mul -Wl,--no-relax -ffunction-sections -fdata-sections -MMD -MP -MF"src/gpiotest.d" -MT"src/gpiotest.o" -o "src/gpiotest.o" "../src/gpiotest.c"
'Finished building: ../src/gpiotest.c'
' '
'Building target: new01.elf'
'Invoking: MicroBlaze gcc linker'
mb-gcc -Wl,-T -Wl,../src/lscript.ld -L../../new01_bsp/microblaze_0/lib -mlittle-endian -mcpu=v10.0 -mxl-soft-mul -Wl,--no-relax -Wl,--gc-sections -o "new01.elf"  ./src/gpiotest.o ./src/testperiph.o ./src/xgpio_tapp_example.o ./src/xintc_tapp_example.o ./src/xtmrctr_intr_example.o ./src/xtmrctr_selftest_example.o   -Wl,--start-group,-lxil,-lgcc,-lc,--end-group
'Finished building target: new01.elf'
' '
'Invoking: MicroBlaze Print Size'
mb-size new01.elf  |tee "new01.elf.size"
   text	   data	    bss	    dec	    hex	filename
  11024	    344	   3400	  14768	   39b0	new01.elf
'Finished building: new01.elf.size'
' '
13:01:08 **** Auto Build of configuration Debug for project new01 ****
make all 
'Building file: ../src/gpiotest.c'
'Invoking: MicroBlaze gcc compiler'
mb-gcc -Wall -O0 -g3 -c -fmessage-length=0 -MT"src/gpiotest.o" -I../../new01_bsp/microblaze_0/include -mlittle-endian -mcpu=v10.0 -mxl-soft-mul -Wl,--no-relax -ffunction-sections -fdata-sections -MMD -MP -MF"src/gpiotest.d" -MT"src/gpiotest.o" -o "src/gpiotest.o" "../src/gpiotest.c"
'Finished building: ../src/gpiotest.c'
' '
'Building target: new01.elf'
'Invoking: MicroBlaze gcc linker'
mb-gcc -Wl,-T -Wl,../src/lscript.ld -L../../new01_bsp/microblaze_0/lib -mlittle-endian -mcpu=v10.0 -mxl-soft-mul -Wl,--no-relax -Wl,--gc-sections -o "new01.elf"  ./src/gpiotest.o ./src/testperiph.o ./src/xgpio_tapp_example.o ./src/xintc_tapp_example.o ./src/xtmrctr_intr_example.o ./src/xtmrctr_selftest_example.o   -Wl,--start-group,-lxil,-lgcc,-lc,--end-group
./src/xgpio_tapp_example.o: In function `GpioOutputExample':
C:\Users\ARIA5WK\Documents\ARTY_Proy\Clean_latest\FromWebSystem\FromWebSystem.sdk\new01\Debug/../src/xgpio_tapp_example.c:185: multiple definition of `GpioOutputExample'
./src/gpiotest.o:C:\Users\ARIA5WK\Documents\ARTY_Proy\Clean_latest\FromWebSystem\FromWebSystem.sdk\new01\Debug/../src/gpiotest.c:185: first defined here
./src/xgpio_tapp_example.o: In function `GpioOutputExample':
C:\Users\ARIA5WK\Documents\ARTY_Proy\Clean_latest\FromWebSystem\FromWebSystem.sdk\new01\Debug/../src/xgpio_tapp_example.c:185: multiple definition of `GpioInputExample'
./src/gpiotest.o:C:\Users\ARIA5WK\Documents\ARTY_Proy\Clean_latest\FromWebSystem\FromWebSystem.sdk\new01\Debug/../src/gpiotest.c:185: first defined here
collect2.exe: error: ld returned 1 exit status
make: *** [new01.elf] Error 1
13:01:09 **** Incremental Build of configuration Debug for project new01 ****
make all 
'Building target: new01.elf'
'Invoking: MicroBlaze gcc linker'
mb-gcc -Wl,-T -Wl,../src/lscript.ld -L../../new01_bsp/microblaze_0/lib -mlittle-endian -mcpu=v10.0 -mxl-soft-mul -Wl,--no-relax -Wl,--gc-sections -o "new01.elf"  ./src/gpiotest.o ./src/testperiph.o ./src/xgpio_tapp_example.o ./src/xintc_tapp_example.o ./src/xtmrctr_intr_example.o ./src/xtmrctr_selftest_example.o   -Wl,--start-group,-lxil,-lgcc,-lc,--end-group
./src/xgpio_tapp_example.o: In function `GpioOutputExample':
C:\Users\ARIA5WK\Documents\ARTY_Proy\Clean_latest\FromWebSystem\FromWebSystem.sdk\new01\Debug/../src/xgpio_tapp_example.c:185: multiple definition of `GpioOutputExample'
./src/gpiotest.o:C:\Users\ARIA5WK\Documents\ARTY_Proy\Clean_latest\FromWebSystem\FromWebSystem.sdk\new01\Debug/../src/gpiotest.c:185: first defined here
./src/xgpio_tapp_example.o: In function `GpioOutputExample':
C:\Users\ARIA5WK\Documents\ARTY_Proy\Clean_latest\FromWebSystem\FromWebSystem.sdk\new01\Debug/../src/xgpio_tapp_example.c:185: multiple definition of `GpioInputExample'
./src/gpiotest.o:C:\Users\ARIA5WK\Documents\ARTY_Proy\Clean_latest\FromWebSystem\FromWebSystem.sdk\new01\Debug/../src/gpiotest.c:185: first defined here
collect2.exe: error: ld returned 1 exit status
make: *** [new01.elf] Error 1
13:02:24 **** Incremental Build of configuration Debug for project new01 ****
make all 
'Building target: new01.elf'
'Invoking: MicroBlaze gcc linker'
mb-gcc -Wl,-T -Wl,../src/lscript.ld -L../../new01_bsp/microblaze_0/lib -mlittle-endian -mcpu=v10.0 -mxl-soft-mul -Wl,--no-relax -Wl,--gc-sections -o "new01.elf"  ./src/gpiotest.o ./src/testperiph.o ./src/xgpio_tapp_example.o ./src/xintc_tapp_example.o ./src/xtmrctr_intr_example.o ./src/xtmrctr_selftest_example.o   -Wl,--start-group,-lxil,-lgcc,-lc,--end-group
./src/xgpio_tapp_example.o: In function `GpioOutputExample':
C:\Users\ARIA5WK\Documents\ARTY_Proy\Clean_latest\FromWebSystem\FromWebSystem.sdk\new01\Debug/../src/xgpio_tapp_example.c:185: multiple definition of `GpioOutputExample'
./src/gpiotest.o:C:\Users\ARIA5WK\Documents\ARTY_Proy\Clean_latest\FromWebSystem\FromWebSystem.sdk\new01\Debug/../src/gpiotest.c:185: first defined here
./src/xgpio_tapp_example.o: In function `GpioOutputExample':
C:\Users\ARIA5WK\Documents\ARTY_Proy\Clean_latest\FromWebSystem\FromWebSystem.sdk\new01\Debug/../src/xgpio_tapp_example.c:185: multiple definition of `GpioInputExample'
./src/gpiotest.o:C:\Users\ARIA5WK\Documents\ARTY_Proy\Clean_latest\FromWebSystem\FromWebSystem.sdk\new01\Debug/../src/gpiotest.c:185: first defined here
collect2.exe: error: ld returned 1 exit status
make: *** [new01.elf] Error 1
13:02:51 **** Incremental Build of configuration Debug for project new01 ****
make all 
'Building target: new01.elf'
'Invoking: MicroBlaze gcc linker'
mb-gcc -Wl,-T -Wl,../src/lscript.ld -L../../new01_bsp/microblaze_0/lib -mlittle-endian -mcpu=v10.0 -mxl-soft-mul -Wl,--no-relax -Wl,--gc-sections -o "new01.elf"  ./src/gpiotest.o ./src/testperiph.o ./src/xgpio_tapp_example.o ./src/xintc_tapp_example.o ./src/xtmrctr_intr_example.o ./src/xtmrctr_selftest_example.o   -Wl,--start-group,-lxil,-lgcc,-lc,--end-group
./src/xgpio_tapp_example.o: In function `GpioOutputExample':
C:\Users\ARIA5WK\Documents\ARTY_Proy\Clean_latest\FromWebSystem\FromWebSystem.sdk\new01\Debug/../src/xgpio_tapp_example.c:185: multiple definition of `GpioOutputExample'
./src/gpiotest.o:C:\Users\ARIA5WK\Documents\ARTY_Proy\Clean_latest\FromWebSystem\FromWebSystem.sdk\new01\Debug/../src/gpiotest.c:185: first defined here
./src/xgpio_tapp_example.o: In function `GpioOutputExample':
C:\Users\ARIA5WK\Documents\ARTY_Proy\Clean_latest\FromWebSystem\FromWebSystem.sdk\new01\Debug/../src/xgpio_tapp_example.c:185: multiple definition of `GpioInputExample'
./src/gpiotest.o:C:\Users\ARIA5WK\Documents\ARTY_Proy\Clean_latest\FromWebSystem\FromWebSystem.sdk\new01\Debug/../src/gpiotest.c:185: first defined here
collect2.exe: error: ld returned 1 exit status
make: *** [new01.elf] Error 1
13:03:36 **** Incremental Build of configuration Debug for project new01 ****
make all 
'Building target: new01.elf'
'Invoking: MicroBlaze gcc linker'
mb-gcc -Wl,-T -Wl,../src/lscript.ld -L../../new01_bsp/microblaze_0/lib -mlittle-endian -mcpu=v10.0 -mxl-soft-mul -Wl,--no-relax -Wl,--gc-sections -o "new01.elf"  ./src/gpiotest.o ./src/testperiph.o ./src/xgpio_tapp_example.o ./src/xintc_tapp_example.o ./src/xtmrctr_intr_example.o ./src/xtmrctr_selftest_example.o   -Wl,--start-group,-lxil,-lgcc,-lc,--end-group
./src/xgpio_tapp_example.o: In function `GpioOutputExample':
C:\Users\ARIA5WK\Documents\ARTY_Proy\Clean_latest\FromWebSystem\FromWebSystem.sdk\new01\Debug/../src/xgpio_tapp_example.c:185: multiple definition of `GpioOutputExample'
./src/gpiotest.o:C:\Users\ARIA5WK\Documents\ARTY_Proy\Clean_latest\FromWebSystem\FromWebSystem.sdk\new01\Debug/../src/gpiotest.c:185: first defined here
./src/xgpio_tapp_example.o: In function `GpioOutputExample':
C:\Users\ARIA5WK\Documents\ARTY_Proy\Clean_latest\FromWebSystem\FromWebSystem.sdk\new01\Debug/../src/xgpio_tapp_example.c:185: multiple definition of `GpioInputExample'
./src/gpiotest.o:C:\Users\ARIA5WK\Documents\ARTY_Proy\Clean_latest\FromWebSystem\FromWebSystem.sdk\new01\Debug/../src/gpiotest.c:185: first defined here
collect2.exe: error: ld returned 1 exit status
make: *** [new01.elf] Error 1
13:03:54 **** Incremental Build of configuration Debug for project new01 ****
make all 
'Building target: new01.elf'
'Invoking: MicroBlaze gcc linker'
mb-gcc -Wl,-T -Wl,../src/lscript.ld -L../../new01_bsp/microblaze_0/lib -mlittle-endian -mcpu=v10.0 -mxl-soft-mul -Wl,--no-relax -Wl,--gc-sections -o "new01.elf"  ./src/gpiotest.o ./src/testperiph.o ./src/xgpio_tapp_example.o ./src/xintc_tapp_example.o ./src/xtmrctr_intr_example.o ./src/xtmrctr_selftest_example.o   -Wl,--start-group,-lxil,-lgcc,-lc,--end-group
./src/xgpio_tapp_example.o: In function `GpioOutputExample':
C:\Users\ARIA5WK\Documents\ARTY_Proy\Clean_latest\FromWebSystem\FromWebSystem.sdk\new01\Debug/../src/xgpio_tapp_example.c:185: multiple definition of `GpioOutputExample'
./src/gpiotest.o:C:\Users\ARIA5WK\Documents\ARTY_Proy\Clean_latest\FromWebSystem\FromWebSystem.sdk\new01\Debug/../src/gpiotest.c:185: first defined here
./src/xgpio_tapp_example.o: In function `GpioOutputExample':
C:\Users\ARIA5WK\Documents\ARTY_Proy\Clean_latest\FromWebSystem\FromWebSystem.sdk\new01\Debug/../src/xgpio_tapp_example.c:185: multiple definition of `GpioInputExample'
./src/gpiotest.o:C:\Users\ARIA5WK\Documents\ARTY_Proy\Clean_latest\FromWebSystem\FromWebSystem.sdk\new01\Debug/../src/gpiotest.c:185: first defined here
collect2.exe: error: ld returned 1 exit status
make: *** [new01.elf] Error 1
13:04:03 **** Incremental Build of configuration Debug for project new01 ****
make all 
'Building target: new01.elf'
'Invoking: MicroBlaze gcc linker'
mb-gcc -Wl,-T -Wl,../src/lscript.ld -L../../new01_bsp/microblaze_0/lib -mlittle-endian -mcpu=v10.0 -mxl-soft-mul -Wl,--no-relax -Wl,--gc-sections -o "new01.elf"  ./src/gpiotest.o ./src/testperiph.o ./src/xgpio_tapp_example.o ./src/xintc_tapp_example.o ./src/xtmrctr_intr_example.o ./src/xtmrctr_selftest_example.o   -Wl,--start-group,-lxil,-lgcc,-lc,--end-group
./src/xgpio_tapp_example.o: In function `GpioOutputExample':
C:\Users\ARIA5WK\Documents\ARTY_Proy\Clean_latest\FromWebSystem\FromWebSystem.sdk\new01\Debug/../src/xgpio_tapp_example.c:185: multiple definition of `GpioOutputExample'
./src/gpiotest.o:C:\Users\ARIA5WK\Documents\ARTY_Proy\Clean_latest\FromWebSystem\FromWebSystem.sdk\new01\Debug/../src/gpiotest.c:185: first defined here
./src/xgpio_tapp_example.o: In function `GpioOutputExample':
C:\Users\ARIA5WK\Documents\ARTY_Proy\Clean_latest\FromWebSystem\FromWebSystem.sdk\new01\Debug/../src/xgpio_tapp_example.c:185: multiple definition of `GpioInputExample'
./src/gpiotest.o:C:\Users\ARIA5WK\Documents\ARTY_Proy\Clean_latest\FromWebSystem\FromWebSystem.sdk\new01\Debug/../src/gpiotest.c:185: first defined here
collect2.exe: error: ld returned 1 exit status
make: *** [new01.elf] Error 1
13:04:46 **** Incremental Build of configuration Debug for project new01 ****
make all 
'Building target: new01.elf'
'Invoking: MicroBlaze gcc linker'
mb-gcc -Wl,-T -Wl,../src/lscript.ld -L../../new01_bsp/microblaze_0/lib -mlittle-endian -mcpu=v10.0 -mxl-soft-mul -Wl,--no-relax -Wl,--gc-sections -o "new01.elf"  ./src/gpiotest.o ./src/testperiph.o ./src/xgpio_tapp_example.o ./src/xintc_tapp_example.o ./src/xtmrctr_intr_example.o ./src/xtmrctr_selftest_example.o   -Wl,--start-group,-lxil,-lgcc,-lc,--end-group
./src/xgpio_tapp_example.o: In function `GpioOutputExample':
C:\Users\ARIA5WK\Documents\ARTY_Proy\Clean_latest\FromWebSystem\FromWebSystem.sdk\new01\Debug/../src/xgpio_tapp_example.c:185: multiple definition of `GpioOutputExample'
./src/gpiotest.o:C:\Users\ARIA5WK\Documents\ARTY_Proy\Clean_latest\FromWebSystem\FromWebSystem.sdk\new01\Debug/../src/gpiotest.c:185: first defined here
./src/xgpio_tapp_example.o: In function `GpioOutputExample':
C:\Users\ARIA5WK\Documents\ARTY_Proy\Clean_latest\FromWebSystem\FromWebSystem.sdk\new01\Debug/../src/xgpio_tapp_example.c:185: multiple definition of `GpioInputExample'
./src/gpiotest.o:C:\Users\ARIA5WK\Documents\ARTY_Proy\Clean_latest\FromWebSystem\FromWebSystem.sdk\new01\Debug/../src/gpiotest.c:185: first defined here
collect2.exe: error: ld returned 1 exit status
make: *** [new01.elf] Error 1
13:05:45 **** Build of project new02_bsp ****
make -k all 
"Running Make include in microblaze_0/libsrc/bram_v4_2/src"
make -C microblaze_0/libsrc/bram_v4_2/src -s include  "SHELL=CMD" "COMPILER=mb-gcc" "ARCHIVER=mb-ar" "COMPILER_FLAGS= -O2 -c -mcpu=v10.0 -mlittle-endian -mxl-soft-mul" "EXTRA_COMPILER_FLAGS=-ffunction-sections -fdata-sections -Wall -Wextra"
"Running Make include in microblaze_0/libsrc/cpu_v2_6/src"
make -C microblaze_0/libsrc/cpu_v2_6/src -s include  "SHELL=CMD" "COMPILER=mb-gcc" "ARCHIVER=mb-ar" "COMPILER_FLAGS= -O2 -c -mcpu=v10.0 -mlittle-endian -mxl-soft-mul" "EXTRA_COMPILER_FLAGS=-ffunction-sections -fdata-sections -Wall -Wextra"
"Running Make include in microblaze_0/libsrc/gpio_v4_3/src"
make -C microblaze_0/libsrc/gpio_v4_3/src -s include  "SHELL=CMD" "COMPILER=mb-gcc" "ARCHIVER=mb-ar" "COMPILER_FLAGS= -O2 -c -mcpu=v10.0 -mlittle-endian -mxl-soft-mul" "EXTRA_COMPILER_FLAGS=-ffunction-sections -fdata-sections -Wall -Wextra"
"Running Make include in microblaze_0/libsrc/intc_v3_7/src"
make -C microblaze_0/libsrc/intc_v3_7/src -s include  "SHELL=CMD" "COMPILER=mb-gcc" "ARCHIVER=mb-ar" "COMPILER_FLAGS= -O2 -c -mcpu=v10.0 -mlittle-endian -mxl-soft-mul" "EXTRA_COMPILER_FLAGS=-ffunction-sections -fdata-sections -Wall -Wextra"
"Running Make include in microblaze_0/libsrc/standalone_v6_5/src"
make -C microblaze_0/libsrc/standalone_v6_5/src -s include  "SHELL=CMD" "COMPILER=mb-gcc" "ARCHIVER=mb-ar" "COMPILER_FLAGS= -O2 -c -mcpu=v10.0 -mlittle-endian -mxl-soft-mul" "EXTRA_COMPILER_FLAGS=-ffunction-sections -fdata-sections -Wall -Wextra"
"Running Make include in microblaze_0/libsrc/tmrctr_v4_4/src"
make -C microblaze_0/libsrc/tmrctr_v4_4/src -s include  "SHELL=CMD" "COMPILER=mb-gcc" "ARCHIVER=mb-ar" "COMPILER_FLAGS= -O2 -c -mcpu=v10.0 -mlittle-endian -mxl-soft-mul" "EXTRA_COMPILER_FLAGS=-ffunction-sections -fdata-sections -Wall -Wextra"
"Running Make libs in microblaze_0/libsrc/bram_v4_2/src"
make -C microblaze_0/libsrc/bram_v4_2/src -s libs  "SHELL=CMD" "COMPILER=mb-gcc" "ARCHIVER=mb-ar" "COMPILER_FLAGS= -O2 -c -mcpu=v10.0 -mlittle-endian -mxl-soft-mul" "EXTRA_COMPILER_FLAGS=-ffunction-sections -fdata-sections -Wall -Wextra"
"Compiling bram"
mb-ar: creating ../../../lib/libxil.a
"Running Make libs in microblaze_0/libsrc/cpu_v2_6/src"
make -C microblaze_0/libsrc/cpu_v2_6/src -s libs  "SHELL=CMD" "COMPILER=mb-gcc" "ARCHIVER=mb-ar" "COMPILER_FLAGS= -O2 -c -mcpu=v10.0 -mlittle-endian -mxl-soft-mul" "EXTRA_COMPILER_FLAGS=-ffunction-sections -fdata-sections -Wall -Wextra"
"Compiling cpu"
"Running Make libs in microblaze_0/libsrc/gpio_v4_3/src"
make -C microblaze_0/libsrc/gpio_v4_3/src -s libs  "SHELL=CMD" "COMPILER=mb-gcc" "ARCHIVER=mb-ar" "COMPILER_FLAGS= -O2 -c -mcpu=v10.0 -mlittle-endian -mxl-soft-mul" "EXTRA_COMPILER_FLAGS=-ffunction-sections -fdata-sections -Wall -Wextra"
"Compiling gpio"
"Running Make libs in microblaze_0/libsrc/intc_v3_7/src"
make -C microblaze_0/libsrc/intc_v3_7/src -s libs  "SHELL=CMD" "COMPILER=mb-gcc" "ARCHIVER=mb-ar" "COMPILER_FLAGS= -O2 -c -mcpu=v10.0 -mlittle-endian -mxl-soft-mul" "EXTRA_COMPILER_FLAGS=-ffunction-sections -fdata-sections -Wall -Wextra"
"Compiling intc"
"Running Make libs in microblaze_0/libsrc/standalone_v6_5/src"
make -C microblaze_0/libsrc/standalone_v6_5/src -s libs  "SHELL=CMD" "COMPILER=mb-gcc" "ARCHIVER=mb-ar" "COMPILER_FLAGS= -O2 -c -mcpu=v10.0 -mlittle-endian -mxl-soft-mul" "EXTRA_COMPILER_FLAGS=-ffunction-sections -fdata-sections -Wall -Wextra"
"Compiling standalone";
inbyte.c: In function 'inbyte':
inbyte.c:11:1: warning: control reaches end of non-void function [-Wreturn-type]
 }
 ^
outbyte.c: In function 'outbyte':
outbyte.c:11:19: warning: unused parameter 'c' [-Wunused-parameter]
 void outbyte(char c) {
                   ^
"Running Make libs in microblaze_0/libsrc/tmrctr_v4_4/src"
make -C microblaze_0/libsrc/tmrctr_v4_4/src -s libs  "SHELL=CMD" "COMPILER=mb-gcc" "ARCHIVER=mb-ar" "COMPILER_FLAGS= -O2 -c -mcpu=v10.0 -mlittle-endian -mxl-soft-mul" "EXTRA_COMPILER_FLAGS=-ffunction-sections -fdata-sections -Wall -Wextra"
"Compiling tmrctr"
'Finished building libraries'

**** Build of configuration Debug for project new02 ****

Nothing to build for project new02
13:06:03 **** Auto Build of configuration Debug for project new02 ****
make all 
'Building file: ../src/new02.c'
'Invoking: MicroBlaze gcc compiler'
mb-gcc -Wall -O0 -g3 -c -fmessage-length=0 -MT"src/new02.o" -I../../new02_bsp/microblaze_0/include -mlittle-endian -mcpu=v10.0 -mxl-soft-mul -Wl,--no-relax -ffunction-sections -fdata-sections -MMD -MP -MF"src/new02.d" -MT"src/new02.o" -o "src/new02.o" "../src/new02.c"
'Finished building: ../src/new02.c'
' '
'Building target: new02.elf'
'Invoking: MicroBlaze gcc linker'
mb-gcc -Wl,-T -Wl,../src/lscript.ld -L../../new02_bsp/microblaze_0/lib -mlittle-endian -mcpu=v10.0 -mxl-soft-mul -Wl,--no-relax -Wl,--gc-sections -o "new02.elf"  ./src/new02.o   -Wl,--start-group,-lxil,-lgcc,-lc,--end-group
c:/xilinx/sdk/2017.4/gnu/microblaze/nt/bin/../lib/gcc/microblaze-xilinx-elf/6.2.0/../../../../microblaze-xilinx-elf/lib/le/crtinit.o: In function `_crtinit':
(.text+0x78): undefined reference to `main'
collect2.exe: error: ld returned 1 exit status
make: *** [new02.elf] Error 1
13:06:13 **** Incremental Build of configuration Debug for project new01 ****
make all 
'Building target: new01.elf'
'Invoking: MicroBlaze gcc linker'
mb-gcc -Wl,-T -Wl,../src/lscript.ld -L../../new01_bsp/microblaze_0/lib -mlittle-endian -mcpu=v10.0 -mxl-soft-mul -Wl,--no-relax -Wl,--gc-sections -o "new01.elf"  ./src/gpiotest.o ./src/testperiph.o ./src/xgpio_tapp_example.o ./src/xintc_tapp_example.o ./src/xtmrctr_intr_example.o ./src/xtmrctr_selftest_example.o   -Wl,--start-group,-lxil,-lgcc,-lc,--end-group
./src/xgpio_tapp_example.o: In function `GpioOutputExample':
C:\Users\ARIA5WK\Documents\ARTY_Proy\Clean_latest\FromWebSystem\FromWebSystem.sdk\new01\Debug/../src/xgpio_tapp_example.c:185: multiple definition of `GpioOutputExample'
./src/gpiotest.o:C:\Users\ARIA5WK\Documents\ARTY_Proy\Clean_latest\FromWebSystem\FromWebSystem.sdk\new01\Debug/../src/gpiotest.c:185: first defined here
./src/xgpio_tapp_example.o: In function `GpioOutputExample':
C:\Users\ARIA5WK\Documents\ARTY_Proy\Clean_latest\FromWebSystem\FromWebSystem.sdk\new01\Debug/../src/xgpio_tapp_example.c:185: multiple definition of `GpioInputExample'
./src/gpiotest.o:C:\Users\ARIA5WK\Documents\ARTY_Proy\Clean_latest\FromWebSystem\FromWebSystem.sdk\new01\Debug/../src/gpiotest.c:185: first defined here
collect2.exe: error: ld returned 1 exit status
make: *** [new01.elf] Error 1
13:06:14 **** Incremental Build of configuration Debug for project new02 ****
make all 
'Building target: new02.elf'
'Invoking: MicroBlaze gcc linker'
mb-gcc -Wl,-T -Wl,../src/lscript.ld -L../../new02_bsp/microblaze_0/lib -mlittle-endian -mcpu=v10.0 -mxl-soft-mul -Wl,--no-relax -Wl,--gc-sections -o "new02.elf"  ./src/new02.o   -Wl,--start-group,-lxil,-lgcc,-lc,--end-group
c:/xilinx/sdk/2017.4/gnu/microblaze/nt/bin/../lib/gcc/microblaze-xilinx-elf/6.2.0/../../../../microblaze-xilinx-elf/lib/le/crtinit.o: In function `_crtinit':
(.text+0x78): undefined reference to `main'
collect2.exe: error: ld returned 1 exit status
make: *** [new02.elf] Error 1
13:06:31 **** Incremental Build of configuration Debug for project new01 ****
make all 
'Building target: new01.elf'
'Invoking: MicroBlaze gcc linker'
mb-gcc -Wl,-T -Wl,../src/lscript.ld -L../../new01_bsp/microblaze_0/lib -mlittle-endian -mcpu=v10.0 -mxl-soft-mul -Wl,--no-relax -Wl,--gc-sections -o "new01.elf"  ./src/gpiotest.o ./src/testperiph.o ./src/xgpio_tapp_example.o ./src/xintc_tapp_example.o ./src/xtmrctr_intr_example.o ./src/xtmrctr_selftest_example.o   -Wl,--start-group,-lxil,-lgcc,-lc,--end-group
./src/xgpio_tapp_example.o: In function `GpioOutputExample':
C:\Users\ARIA5WK\Documents\ARTY_Proy\Clean_latest\FromWebSystem\FromWebSystem.sdk\new01\Debug/../src/xgpio_tapp_example.c:185: multiple definition of `GpioOutputExample'
./src/gpiotest.o:C:\Users\ARIA5WK\Documents\ARTY_Proy\Clean_latest\FromWebSystem\FromWebSystem.sdk\new01\Debug/../src/gpiotest.c:185: first defined here
./src/xgpio_tapp_example.o: In function `GpioOutputExample':
C:\Users\ARIA5WK\Documents\ARTY_Proy\Clean_latest\FromWebSystem\FromWebSystem.sdk\new01\Debug/../src/xgpio_tapp_example.c:185: multiple definition of `GpioInputExample'
./src/gpiotest.o:C:\Users\ARIA5WK\Documents\ARTY_Proy\Clean_latest\FromWebSystem\FromWebSystem.sdk\new01\Debug/../src/gpiotest.c:185: first defined here
collect2.exe: error: ld returned 1 exit status
make: *** [new01.elf] Error 1
13:06:32 **** Incremental Build of configuration Debug for project new02 ****
make all 
'Building target: new02.elf'
'Invoking: MicroBlaze gcc linker'
mb-gcc -Wl,-T -Wl,../src/lscript.ld -L../../new02_bsp/microblaze_0/lib -mlittle-endian -mcpu=v10.0 -mxl-soft-mul -Wl,--no-relax -Wl,--gc-sections -o "new02.elf"  ./src/new02.o   -Wl,--start-group,-lxil,-lgcc,-lc,--end-group
c:/xilinx/sdk/2017.4/gnu/microblaze/nt/bin/../lib/gcc/microblaze-xilinx-elf/6.2.0/../../../../microblaze-xilinx-elf/lib/le/crtinit.o: In function `_crtinit':
(.text+0x78): undefined reference to `main'
collect2.exe: error: ld returned 1 exit status
make: *** [new02.elf] Error 1
13:06:47 **** Incremental Build of configuration Debug for project new01 ****
make all 
'Building target: new01.elf'
'Invoking: MicroBlaze gcc linker'
mb-gcc -Wl,-T -Wl,../src/lscript.ld -L../../new01_bsp/microblaze_0/lib -mlittle-endian -mcpu=v10.0 -mxl-soft-mul -Wl,--no-relax -Wl,--gc-sections -o "new01.elf"  ./src/gpiotest.o ./src/testperiph.o ./src/xgpio_tapp_example.o ./src/xintc_tapp_example.o ./src/xtmrctr_intr_example.o ./src/xtmrctr_selftest_example.o   -Wl,--start-group,-lxil,-lgcc,-lc,--end-group
./src/xgpio_tapp_example.o: In function `GpioOutputExample':
C:\Users\ARIA5WK\Documents\ARTY_Proy\Clean_latest\FromWebSystem\FromWebSystem.sdk\new01\Debug/../src/xgpio_tapp_example.c:185: multiple definition of `GpioOutputExample'
./src/gpiotest.o:C:\Users\ARIA5WK\Documents\ARTY_Proy\Clean_latest\FromWebSystem\FromWebSystem.sdk\new01\Debug/../src/gpiotest.c:185: first defined here
./src/xgpio_tapp_example.o: In function `GpioOutputExample':
C:\Users\ARIA5WK\Documents\ARTY_Proy\Clean_latest\FromWebSystem\FromWebSystem.sdk\new01\Debug/../src/xgpio_tapp_example.c:185: multiple definition of `GpioInputExample'
./src/gpiotest.o:C:\Users\ARIA5WK\Documents\ARTY_Proy\Clean_latest\FromWebSystem\FromWebSystem.sdk\new01\Debug/../src/gpiotest.c:185: first defined here
collect2.exe: error: ld returned 1 exit status
make: *** [new01.elf] Error 1
13:06:48 **** Incremental Build of configuration Debug for project new02 ****
make all 
'Building target: new02.elf'
'Invoking: MicroBlaze gcc linker'
mb-gcc -Wl,-T -Wl,../src/lscript.ld -L../../new02_bsp/microblaze_0/lib -mlittle-endian -mcpu=v10.0 -mxl-soft-mul -Wl,--no-relax -Wl,--gc-sections -o "new02.elf"  ./src/new02.o   -Wl,--start-group,-lxil,-lgcc,-lc,--end-group
c:/xilinx/sdk/2017.4/gnu/microblaze/nt/bin/../lib/gcc/microblaze-xilinx-elf/6.2.0/../../../../microblaze-xilinx-elf/lib/le/crtinit.o: In function `_crtinit':
(.text+0x78): undefined reference to `main'
collect2.exe: error: ld returned 1 exit status
make: *** [new02.elf] Error 1
13:07:12 **** Incremental Build of configuration Debug for project new02 ****
make all 
'Building file: ../src/new02.c'
'Invoking: MicroBlaze gcc compiler'
mb-gcc -Wall -O0 -g3 -c -fmessage-length=0 -MT"src/new02.o" -I../../new02_bsp/microblaze_0/include -mlittle-endian -mcpu=v10.0 -mxl-soft-mul -Wl,--no-relax -ffunction-sections -fdata-sections -MMD -MP -MF"src/new02.d" -MT"src/new02.o" -o "src/new02.o" "../src/new02.c"
../src/new02.c:15:6: warning: return type of 'main' is not 'int' [-Wmain]
 void main(void)
      ^~~~
../src/new02.c: In function 'main':
../src/new02.c:19:28: error: 'GpioOutput' undeclared (first use in this function)
    XGpio_SetDataDirection(&GpioOutput, LED_CHANNEL, 0x0);
                            ^~~~~~~~~~
../src/new02.c:19:28: note: each undeclared identifier is reported only once for each function it appears in
../src/new02.c:19:40: error: 'LED_CHANNEL' undeclared (first use in this function)
    XGpio_SetDataDirection(&GpioOutput, LED_CHANNEL, 0x0);
                                        ^~~~~~~~~~~
../src/new02.c:25:9: warning: 'return' with a value, in function returning void
  return 0;
         ^
../src/new02.c:15:6: note: declared here
 void main(void)
      ^~~~
make: *** [src/new02.o] Error 1
13:08:18 **** Incremental Build of configuration Debug for project new01 ****
make all 
'Building target: new01.elf'
'Invoking: MicroBlaze gcc linker'
mb-gcc -Wl,-T -Wl,../src/lscript.ld -L../../new01_bsp/microblaze_0/lib -mlittle-endian -mcpu=v10.0 -mxl-soft-mul -Wl,--no-relax -Wl,--gc-sections -o "new01.elf"  ./src/gpiotest.o ./src/testperiph.o ./src/xgpio_tapp_example.o ./src/xintc_tapp_example.o ./src/xtmrctr_intr_example.o ./src/xtmrctr_selftest_example.o   -Wl,--start-group,-lxil,-lgcc,-lc,--end-group
./src/xgpio_tapp_example.o: In function `GpioOutputExample':
C:\Users\ARIA5WK\Documents\ARTY_Proy\Clean_latest\FromWebSystem\FromWebSystem.sdk\new01\Debug/../src/xgpio_tapp_example.c:185: multiple definition of `GpioOutputExample'
./src/gpiotest.o:C:\Users\ARIA5WK\Documents\ARTY_Proy\Clean_latest\FromWebSystem\FromWebSystem.sdk\new01\Debug/../src/gpiotest.c:185: first defined here
./src/xgpio_tapp_example.o: In function `GpioOutputExample':
C:\Users\ARIA5WK\Documents\ARTY_Proy\Clean_latest\FromWebSystem\FromWebSystem.sdk\new01\Debug/../src/xgpio_tapp_example.c:185: multiple definition of `GpioInputExample'
./src/gpiotest.o:C:\Users\ARIA5WK\Documents\ARTY_Proy\Clean_latest\FromWebSystem\FromWebSystem.sdk\new01\Debug/../src/gpiotest.c:185: first defined here
collect2.exe: error: ld returned 1 exit status
make: *** [new01.elf] Error 1
13:08:19 **** Incremental Build of configuration Debug for project new02 ****
make all 
'Building file: ../src/new02.c'
'Invoking: MicroBlaze gcc compiler'
mb-gcc -Wall -O0 -g3 -c -fmessage-length=0 -MT"src/new02.o" -I../../new02_bsp/microblaze_0/include -mlittle-endian -mcpu=v10.0 -mxl-soft-mul -Wl,--no-relax -ffunction-sections -fdata-sections -MMD -MP -MF"src/new02.d" -MT"src/new02.o" -o "src/new02.o" "../src/new02.c"
../src/new02.c:15:6: warning: return type of 'main' is not 'int' [-Wmain]
 void main(void)
      ^~~~
../src/new02.c: In function 'main':
../src/new02.c:19:28: error: 'GpioOutput' undeclared (first use in this function)
    XGpio_SetDataDirection(&GpioOutput, LED_CHANNEL, 0x0);
                            ^~~~~~~~~~
../src/new02.c:19:28: note: each undeclared identifier is reported only once for each function it appears in
../src/new02.c:19:40: error: 'LED_CHANNEL' undeclared (first use in this function)
    XGpio_SetDataDirection(&GpioOutput, LED_CHANNEL, 0x0);
                                        ^~~~~~~~~~~
../src/new02.c:25:9: warning: 'return' with a value, in function returning void
  return 0;
         ^
../src/new02.c:15:6: note: declared here
 void main(void)
      ^~~~
make: *** [src/new02.o] Error 1
13:08:47 **** Incremental Build of configuration Debug for project new01 ****
make all 
'Building target: new01.elf'
'Invoking: MicroBlaze gcc linker'
mb-gcc -Wl,-T -Wl,../src/lscript.ld -L../../new01_bsp/microblaze_0/lib -mlittle-endian -mcpu=v10.0 -mxl-soft-mul -Wl,--no-relax -Wl,--gc-sections -o "new01.elf"  ./src/gpiotest.o ./src/testperiph.o ./src/xgpio_tapp_example.o ./src/xintc_tapp_example.o ./src/xtmrctr_intr_example.o ./src/xtmrctr_selftest_example.o   -Wl,--start-group,-lxil,-lgcc,-lc,--end-group
./src/xgpio_tapp_example.o: In function `GpioOutputExample':
C:\Users\ARIA5WK\Documents\ARTY_Proy\Clean_latest\FromWebSystem\FromWebSystem.sdk\new01\Debug/../src/xgpio_tapp_example.c:185: multiple definition of `GpioOutputExample'
./src/gpiotest.o:C:\Users\ARIA5WK\Documents\ARTY_Proy\Clean_latest\FromWebSystem\FromWebSystem.sdk\new01\Debug/../src/gpiotest.c:185: first defined here
./src/xgpio_tapp_example.o: In function `GpioOutputExample':
C:\Users\ARIA5WK\Documents\ARTY_Proy\Clean_latest\FromWebSystem\FromWebSystem.sdk\new01\Debug/../src/xgpio_tapp_example.c:185: multiple definition of `GpioInputExample'
./src/gpiotest.o:C:\Users\ARIA5WK\Documents\ARTY_Proy\Clean_latest\FromWebSystem\FromWebSystem.sdk\new01\Debug/../src/gpiotest.c:185: first defined here
collect2.exe: error: ld returned 1 exit status
make: *** [new01.elf] Error 1
13:08:48 **** Incremental Build of configuration Debug for project new02 ****
make all 
'Building file: ../src/new02.c'
'Invoking: MicroBlaze gcc compiler'
mb-gcc -Wall -O0 -g3 -c -fmessage-length=0 -MT"src/new02.o" -I../../new02_bsp/microblaze_0/include -mlittle-endian -mcpu=v10.0 -mxl-soft-mul -Wl,--no-relax -ffunction-sections -fdata-sections -MMD -MP -MF"src/new02.d" -MT"src/new02.o" -o "src/new02.o" "../src/new02.c"
../src/new02.c:15:6: warning: return type of 'main' is not 'int' [-Wmain]
 void main(void)
      ^~~~
../src/new02.c: In function 'main':
../src/new02.c:19:28: error: 'GpioOutput' undeclared (first use in this function)
    XGpio_SetDataDirection(&GpioOutput, LED_CHANNEL, 0x0);
                            ^~~~~~~~~~
../src/new02.c:19:28: note: each undeclared identifier is reported only once for each function it appears in
../src/new02.c:19:40: error: 'LED_CHANNEL' undeclared (first use in this function)
    XGpio_SetDataDirection(&GpioOutput, LED_CHANNEL, 0x0);
                                        ^~~~~~~~~~~
../src/new02.c:25:9: warning: 'return' with a value, in function returning void
  return 0;
         ^
../src/new02.c:15:6: note: declared here
 void main(void)
      ^~~~
make: *** [src/new02.o] Error 1
13:09:36 **** Incremental Build of configuration Debug for project new02 ****
make all 
'Building file: ../src/new02.c'
'Invoking: MicroBlaze gcc compiler'
mb-gcc -Wall -O0 -g3 -c -fmessage-length=0 -MT"src/new02.o" -I../../new02_bsp/microblaze_0/include -mlittle-endian -mcpu=v10.0 -mxl-soft-mul -Wl,--no-relax -ffunction-sections -fdata-sections -MMD -MP -MF"src/new02.d" -MT"src/new02.o" -o "src/new02.o" "../src/new02.c"
'Finished building: ../src/new02.c'
' '
'Building target: new02.elf'
'Invoking: MicroBlaze gcc linker'
mb-gcc -Wl,-T -Wl,../src/lscript.ld -L../../new02_bsp/microblaze_0/lib -mlittle-endian -mcpu=v10.0 -mxl-soft-mul -Wl,--no-relax -Wl,--gc-sections -o "new02.elf"  ./src/new02.o   -Wl,--start-group,-lxil,-lgcc,-lc,--end-group
'Finished building target: new02.elf'
' '
'Invoking: MicroBlaze Print Size'
mb-size new02.elf  |tee "new02.elf.size"
   text	   data	    bss	    dec	    hex	filename
   3004	    312	   3148	   6464	   1940	new02.elf
'Finished building: new02.elf.size'
' '
13:10:11 **** Incremental Build of configuration Debug for project new02 ****
make all 
'Building file: ../src/new02.c'
'Invoking: MicroBlaze gcc compiler'
mb-gcc -Wall -O0 -g3 -c -fmessage-length=0 -MT"src/new02.o" -I../../new02_bsp/microblaze_0/include -mlittle-endian -mcpu=v10.0 -mxl-soft-mul -Wl,--no-relax -ffunction-sections -fdata-sections -MMD -MP -MF"src/new02.d" -MT"src/new02.o" -o "src/new02.o" "../src/new02.c"
../src/new02.c: In function 'main':
../src/new02.c:86:53: error: invalid suffix "x" on integer constant
    XGpio_SetDataDirection(&GpioOutput, LED_CHANNEL, 0x);
                                                     ^~
make: *** [src/new02.o] Error 1
13:10:28 **** Incremental Build of configuration Debug for project new02 ****
make all 
'Building file: ../src/new02.c'
'Invoking: MicroBlaze gcc compiler'
mb-gcc -Wall -O0 -g3 -c -fmessage-length=0 -MT"src/new02.o" -I../../new02_bsp/microblaze_0/include -mlittle-endian -mcpu=v10.0 -mxl-soft-mul -Wl,--no-relax -ffunction-sections -fdata-sections -MMD -MP -MF"src/new02.d" -MT"src/new02.o" -o "src/new02.o" "../src/new02.c"
'Finished building: ../src/new02.c'
' '
'Building target: new02.elf'
'Invoking: MicroBlaze gcc linker'
mb-gcc -Wl,-T -Wl,../src/lscript.ld -L../../new02_bsp/microblaze_0/lib -mlittle-endian -mcpu=v10.0 -mxl-soft-mul -Wl,--no-relax -Wl,--gc-sections -o "new02.elf"  ./src/new02.o   -Wl,--start-group,-lxil,-lgcc,-lc,--end-group
'Finished building target: new02.elf'
' '
'Invoking: MicroBlaze Print Size'
mb-size new02.elf  |tee "new02.elf.size"
   text	   data	    bss	    dec	    hex	filename
   3004	    312	   3148	   6464	   1940	new02.elf
'Finished building: new02.elf.size'
' '
13:10:50 **** Incremental Build of configuration Debug for project new02 ****
make all 
'Building file: ../src/new02.c'
'Invoking: MicroBlaze gcc compiler'
mb-gcc -Wall -O0 -g3 -c -fmessage-length=0 -MT"src/new02.o" -I../../new02_bsp/microblaze_0/include -mlittle-endian -mcpu=v10.0 -mxl-soft-mul -Wl,--no-relax -ffunction-sections -fdata-sections -MMD -MP -MF"src/new02.d" -MT"src/new02.o" -o "src/new02.o" "../src/new02.c"
'Finished building: ../src/new02.c'
' '
'Building target: new02.elf'
'Invoking: MicroBlaze gcc linker'
mb-gcc -Wl,-T -Wl,../src/lscript.ld -L../../new02_bsp/microblaze_0/lib -mlittle-endian -mcpu=v10.0 -mxl-soft-mul -Wl,--no-relax -Wl,--gc-sections -o "new02.elf"  ./src/new02.o   -Wl,--start-group,-lxil,-lgcc,-lc,--end-group
'Finished building target: new02.elf'
' '
'Invoking: MicroBlaze Print Size'
mb-size new02.elf  |tee "new02.elf.size"
   text	   data	    bss	    dec	    hex	filename
   3004	    312	   3148	   6464	   1940	new02.elf
'Finished building: new02.elf.size'
' '
13:14:33 **** Auto Build of configuration Debug for project new01 ****
make all 
'Building file: ../src/gpiotest.c'
'Invoking: MicroBlaze gcc compiler'
mb-gcc -Wall -O0 -g3 -c -fmessage-length=0 -MT"src/gpiotest.o" -I../../new01_bsp/microblaze_0/include -mlittle-endian -mcpu=v10.0 -mxl-soft-mul -Wl,--no-relax -ffunction-sections -fdata-sections -MMD -MP -MF"src/gpiotest.d" -MT"src/gpiotest.o" -o "src/gpiotest.o" "../src/gpiotest.c"
../src/gpiotest.c: In function 'main2':
../src/gpiotest.c:11:28: error: 'GpioOutput' undeclared (first use in this function)
    XGpio_SetDataDirection(&GpioOutput, LED_CHANNEL, 0x0);
                            ^~~~~~~~~~
../src/gpiotest.c:11:28: note: each undeclared identifier is reported only once for each function it appears in
../src/gpiotest.c:11:40: error: 'LED_CHANNEL' undeclared (first use in this function)
    XGpio_SetDataDirection(&GpioOutput, LED_CHANNEL, 0x0);
                                        ^~~~~~~~~~~
make: *** [src/gpiotest.o] Error 1
13:30:27 **** Incremental Build of configuration Debug for project new02 ****
make all 
'Building file: ../src/new02.c'
'Invoking: MicroBlaze gcc compiler'
mb-gcc -Wall -O0 -g3 -c -fmessage-length=0 -MT"src/new02.o" -I../../new02_bsp/microblaze_0/include -mlittle-endian -mcpu=v10.0 -mxl-soft-mul -Wl,--no-relax -ffunction-sections -fdata-sections -MMD -MP -MF"src/new02.d" -MT"src/new02.o" -o "src/new02.o" "../src/new02.c"
../src/new02.c:10:19: fatal error: xgpio.h: No such file or directory
 #include "xgpio.h"
                   ^
compilation terminated.
make: *** [src/new02.o] Error 1
13:30:58 **** Incremental Build of configuration Debug for project new02 ****
make all 
'Building file: ../src/new02.c'
'Invoking: MicroBlaze gcc compiler'
mb-gcc -Wall -O0 -g3 -c -fmessage-length=0 -MT"src/new02.o" -I../../new02_bsp/microblaze_0/include -mlittle-endian -mcpu=v10.0 -mxl-soft-mul -Wl,--no-relax -ffunction-sections -fdata-sections -MMD -MP -MF"src/new02.d" -MT"src/new02.o" -o "src/new02.o" "../src/new02.c"
../src/new02.c:49:22: fatal error: platform.h: No such file or directory
 #include "platform.h"
                      ^
compilation terminated.
make: *** [src/new02.o] Error 1
13:31:12 **** Incremental Build of configuration Debug for project new01 ****
make all 
'Building file: ../src/gpiotest.c'
'Invoking: MicroBlaze gcc compiler'
mb-gcc -Wall -O0 -g3 -c -fmessage-length=0 -MT"src/gpiotest.o" -I../../new01_bsp/microblaze_0/include -mlittle-endian -mcpu=v10.0 -mxl-soft-mul -Wl,--no-relax -ffunction-sections -fdata-sections -MMD -MP -MF"src/gpiotest.d" -MT"src/gpiotest.o" -o "src/gpiotest.o" "../src/gpiotest.c"
../src/gpiotest.c:2:19: fatal error: xgpio.h: No such file or directory
 #include "xgpio.h"
                   ^
compilation terminated.
make: *** [src/gpiotest.o] Error 1
13:31:13 **** Incremental Build of configuration Debug for project new02 ****
make all 
'Building file: ../src/new02.c'
'Invoking: MicroBlaze gcc compiler'
mb-gcc -Wall -O0 -g3 -c -fmessage-length=0 -MT"src/new02.o" -I../../new02_bsp/microblaze_0/include -mlittle-endian -mcpu=v10.0 -mxl-soft-mul -Wl,--no-relax -ffunction-sections -fdata-sections -MMD -MP -MF"src/new02.d" -MT"src/new02.o" -o "src/new02.o" "../src/new02.c"
../src/new02.c:49:22: fatal error: platform.h: No such file or directory
 #include "platform.h"
                      ^
compilation terminated.
make: *** [src/new02.o] Error 1
13:31:53 **** Build of project newtest_bsp ****
make -k all 
"Running Make include in microblaze_0/libsrc/bram_v4_2/src"
make -C microblaze_0/libsrc/bram_v4_2/src -s include  "SHELL=CMD" "COMPILER=mb-gcc" "ARCHIVER=mb-ar" "COMPILER_FLAGS= -O2 -c -mcpu=v10.0 -mlittle-endian -mxl-soft-mul" "EXTRA_COMPILER_FLAGS=-ffunction-sections -fdata-sections -Wall -Wextra"
"Running Make include in microblaze_0/libsrc/cpu_v2_6/src"
make -C microblaze_0/libsrc/cpu_v2_6/src -s include  "SHELL=CMD" "COMPILER=mb-gcc" "ARCHIVER=mb-ar" "COMPILER_FLAGS= -O2 -c -mcpu=v10.0 -mlittle-endian -mxl-soft-mul" "EXTRA_COMPILER_FLAGS=-ffunction-sections -fdata-sections -Wall -Wextra"
"Running Make include in microblaze_0/libsrc/gpio_v4_3/src"
make -C microblaze_0/libsrc/gpio_v4_3/src -s include  "SHELL=CMD" "COMPILER=mb-gcc" "ARCHIVER=mb-ar" "COMPILER_FLAGS= -O2 -c -mcpu=v10.0 -mlittle-endian -mxl-soft-mul" "EXTRA_COMPILER_FLAGS=-ffunction-sections -fdata-sections -Wall -Wextra"
"Running Make include in microblaze_0/libsrc/intc_v3_7/src"
make -C microblaze_0/libsrc/intc_v3_7/src -s include  "SHELL=CMD" "COMPILER=mb-gcc" "ARCHIVER=mb-ar" "COMPILER_FLAGS= -O2 -c -mcpu=v10.0 -mlittle-endian -mxl-soft-mul" "EXTRA_COMPILER_FLAGS=-ffunction-sections -fdata-sections -Wall -Wextra"
"Running Make include in microblaze_0/libsrc/standalone_v6_5/src"
make -C microblaze_0/libsrc/standalone_v6_5/src -s include  "SHELL=CMD" "COMPILER=mb-gcc" "ARCHIVER=mb-ar" "COMPILER_FLAGS= -O2 -c -mcpu=v10.0 -mlittle-endian -mxl-soft-mul" "EXTRA_COMPILER_FLAGS=-ffunction-sections -fdata-sections -Wall -Wextra"
"Running Make include in microblaze_0/libsrc/tmrctr_v4_4/src"
make -C microblaze_0/libsrc/tmrctr_v4_4/src -s include  "SHELL=CMD" "COMPILER=mb-gcc" "ARCHIVER=mb-ar" "COMPILER_FLAGS= -O2 -c -mcpu=v10.0 -mlittle-endian -mxl-soft-mul" "EXTRA_COMPILER_FLAGS=-ffunction-sections -fdata-sections -Wall -Wextra"
"Running Make include in microblaze_0/libsrc/uartlite_v3_2/src"
make -C microblaze_0/libsrc/uartlite_v3_2/src -s include  "SHELL=CMD" "COMPILER=mb-gcc" "ARCHIVER=mb-ar" "COMPILER_FLAGS= -O2 -c -mcpu=v10.0 -mlittle-endian -mxl-soft-mul" "EXTRA_COMPILER_FLAGS=-ffunction-sections -fdata-sections -Wall -Wextra"
"Running Make libs in microblaze_0/libsrc/bram_v4_2/src"
make -C microblaze_0/libsrc/bram_v4_2/src -s libs  "SHELL=CMD" "COMPILER=mb-gcc" "ARCHIVER=mb-ar" "COMPILER_FLAGS= -O2 -c -mcpu=v10.0 -mlittle-endian -mxl-soft-mul" "EXTRA_COMPILER_FLAGS=-ffunction-sections -fdata-sections -Wall -Wextra"
"Compiling bram"
mb-ar: creating ../../../lib/libxil.a
"Running Make libs in microblaze_0/libsrc/cpu_v2_6/src"
make -C microblaze_0/libsrc/cpu_v2_6/src -s libs  "SHELL=CMD" "COMPILER=mb-gcc" "ARCHIVER=mb-ar" "COMPILER_FLAGS= -O2 -c -mcpu=v10.0 -mlittle-endian -mxl-soft-mul" "EXTRA_COMPILER_FLAGS=-ffunction-sections -fdata-sections -Wall -Wextra"
"Compiling cpu"
"Running Make libs in microblaze_0/libsrc/gpio_v4_3/src"
make -C microblaze_0/libsrc/gpio_v4_3/src -s libs  "SHELL=CMD" "COMPILER=mb-gcc" "ARCHIVER=mb-ar" "COMPILER_FLAGS= -O2 -c -mcpu=v10.0 -mlittle-endian -mxl-soft-mul" "EXTRA_COMPILER_FLAGS=-ffunction-sections -fdata-sections -Wall -Wextra"
"Compiling gpio"
"Running Make libs in microblaze_0/libsrc/intc_v3_7/src"
make -C microblaze_0/libsrc/intc_v3_7/src -s libs  "SHELL=CMD" "COMPILER=mb-gcc" "ARCHIVER=mb-ar" "COMPILER_FLAGS= -O2 -c -mcpu=v10.0 -mlittle-endian -mxl-soft-mul" "EXTRA_COMPILER_FLAGS=-ffunction-sections -fdata-sections -Wall -Wextra"
"Compiling intc"
"Running Make libs in microblaze_0/libsrc/standalone_v6_5/src"
make -C microblaze_0/libsrc/standalone_v6_5/src -s libs  "SHELL=CMD" "COMPILER=mb-gcc" "ARCHIVER=mb-ar" "COMPILER_FLAGS= -O2 -c -mcpu=v10.0 -mlittle-endian -mxl-soft-mul" "EXTRA_COMPILER_FLAGS=-ffunction-sections -fdata-sections -Wall -Wextra"
"Compiling standalone";
"Running Make libs in microblaze_0/libsrc/tmrctr_v4_4/src"
make -C microblaze_0/libsrc/tmrctr_v4_4/src -s libs  "SHELL=CMD" "COMPILER=mb-gcc" "ARCHIVER=mb-ar" "COMPILER_FLAGS= -O2 -c -mcpu=v10.0 -mlittle-endian -mxl-soft-mul" "EXTRA_COMPILER_FLAGS=-ffunction-sections -fdata-sections -Wall -Wextra"
"Compiling tmrctr"
"Running Make libs in microblaze_0/libsrc/uartlite_v3_2/src"
make -C microblaze_0/libsrc/uartlite_v3_2/src -s libs  "SHELL=CMD" "COMPILER=mb-gcc" "ARCHIVER=mb-ar" "COMPILER_FLAGS= -O2 -c -mcpu=v10.0 -mlittle-endian -mxl-soft-mul" "EXTRA_COMPILER_FLAGS=-ffunction-sections -fdata-sections -Wall -Wextra"
"Compiling uartlite"
'Finished building libraries'

**** Build of configuration Debug for project newtest ****

Nothing to build for project newtest
13:32:15 **** Auto Build of configuration Debug for project newtest ****
make all 
'Building file: ../src/new03.c'
'Invoking: MicroBlaze gcc compiler'
mb-gcc -Wall -O0 -g3 -c -fmessage-length=0 -MT"src/new03.o" -I../../newtest_bsp/microblaze_0/include -mlittle-endian -mcpu=v10.0 -mxl-soft-mul -Wl,--no-relax -ffunction-sections -fdata-sections -MMD -MP -MF"src/new03.d" -MT"src/new03.o" -o "src/new03.o" "../src/new03.c"
'Finished building: ../src/new03.c'
' '
'Building target: newtest.elf'
'Invoking: MicroBlaze gcc linker'
mb-gcc -Wl,-T -Wl,../src/lscript.ld -L../../newtest_bsp/microblaze_0/lib -mlittle-endian -mcpu=v10.0 -mxl-soft-mul -Wl,--no-relax -Wl,--gc-sections -o "newtest.elf"  ./src/new03.o   -Wl,--start-group,-lxil,-lgcc,-lc,--end-group
c:/xilinx/sdk/2017.4/gnu/microblaze/nt/bin/../lib/gcc/microblaze-xilinx-elf/6.2.0/../../../../microblaze-xilinx-elf/lib/le/crtinit.o: In function `_crtinit':
(.text+0x78): undefined reference to `main'
collect2.exe: error: ld returned 1 exit status
make: *** [newtest.elf] Error 1
13:32:35 **** Incremental Build of configuration Debug for project new01 ****
make all 
'Building file: ../src/gpiotest.c'
'Invoking: MicroBlaze gcc compiler'
mb-gcc -Wall -O0 -g3 -c -fmessage-length=0 -MT"src/gpiotest.o" -I../../new01_bsp/microblaze_0/include -mlittle-endian -mcpu=v10.0 -mxl-soft-mul -Wl,--no-relax -ffunction-sections -fdata-sections -MMD -MP -MF"src/gpiotest.d" -MT"src/gpiotest.o" -o "src/gpiotest.o" "../src/gpiotest.c"
../src/gpiotest.c:2:19: fatal error: xgpio.h: No such file or directory
 #include "xgpio.h"
                   ^
compilation terminated.
make: *** [src/gpiotest.o] Error 1
13:32:36 **** Incremental Build of configuration Debug for project new02 ****
make all 
'Building file: ../src/new02.c'
'Invoking: MicroBlaze gcc compiler'
mb-gcc -Wall -O0 -g3 -c -fmessage-length=0 -MT"src/new02.o" -I../../new02_bsp/microblaze_0/include -mlittle-endian -mcpu=v10.0 -mxl-soft-mul -Wl,--no-relax -ffunction-sections -fdata-sections -MMD -MP -MF"src/new02.d" -MT"src/new02.o" -o "src/new02.o" "../src/new02.c"
../src/new02.c:49:22: fatal error: platform.h: No such file or directory
 #include "platform.h"
                      ^
compilation terminated.
make: *** [src/new02.o] Error 1
13:32:37 **** Incremental Build of configuration Debug for project newtest ****
make all 
'Building target: newtest.elf'
'Invoking: MicroBlaze gcc linker'
mb-gcc -Wl,-T -Wl,../src/lscript.ld -L../../newtest_bsp/microblaze_0/lib -mlittle-endian -mcpu=v10.0 -mxl-soft-mul -Wl,--no-relax -Wl,--gc-sections -o "newtest.elf"  ./src/new03.o   -Wl,--start-group,-lxil,-lgcc,-lc,--end-group
c:/xilinx/sdk/2017.4/gnu/microblaze/nt/bin/../lib/gcc/microblaze-xilinx-elf/6.2.0/../../../../microblaze-xilinx-elf/lib/le/crtinit.o: In function `_crtinit':
(.text+0x78): undefined reference to `main'
collect2.exe: error: ld returned 1 exit status
make: *** [newtest.elf] Error 1
13:32:58 **** Incremental Build of configuration Debug for project new01 ****
make all 
'Building file: ../src/gpiotest.c'
'Invoking: MicroBlaze gcc compiler'
mb-gcc -Wall -O0 -g3 -c -fmessage-length=0 -MT"src/gpiotest.o" -I../../new01_bsp/microblaze_0/include -mlittle-endian -mcpu=v10.0 -mxl-soft-mul -Wl,--no-relax -ffunction-sections -fdata-sections -MMD -MP -MF"src/gpiotest.d" -MT"src/gpiotest.o" -o "src/gpiotest.o" "../src/gpiotest.c"
../src/gpiotest.c:2:19: fatal error: xgpio.h: No such file or directory
 #include "xgpio.h"
                   ^
compilation terminated.
make: *** [src/gpiotest.o] Error 1
13:32:59 **** Incremental Build of configuration Debug for project new02 ****
make all 
'Building file: ../src/new02.c'
'Invoking: MicroBlaze gcc compiler'
mb-gcc -Wall -O0 -g3 -c -fmessage-length=0 -MT"src/new02.o" -I../../new02_bsp/microblaze_0/include -mlittle-endian -mcpu=v10.0 -mxl-soft-mul -Wl,--no-relax -ffunction-sections -fdata-sections -MMD -MP -MF"src/new02.d" -MT"src/new02.o" -o "src/new02.o" "../src/new02.c"
../src/new02.c:49:22: fatal error: platform.h: No such file or directory
 #include "platform.h"
                      ^
compilation terminated.
make: *** [src/new02.o] Error 1
13:33:00 **** Incremental Build of configuration Debug for project newtest ****
make all 
'Building target: newtest.elf'
'Invoking: MicroBlaze gcc linker'
mb-gcc -Wl,-T -Wl,../src/lscript.ld -L../../newtest_bsp/microblaze_0/lib -mlittle-endian -mcpu=v10.0 -mxl-soft-mul -Wl,--no-relax -Wl,--gc-sections -o "newtest.elf"  ./src/new03.o   -Wl,--start-group,-lxil,-lgcc,-lc,--end-group
c:/xilinx/sdk/2017.4/gnu/microblaze/nt/bin/../lib/gcc/microblaze-xilinx-elf/6.2.0/../../../../microblaze-xilinx-elf/lib/le/crtinit.o: In function `_crtinit':
(.text+0x78): undefined reference to `main'
collect2.exe: error: ld returned 1 exit status
make: *** [newtest.elf] Error 1
13:33:14 **** Incremental Build of configuration Debug for project new01 ****
make all 
'Building file: ../src/gpiotest.c'
'Invoking: MicroBlaze gcc compiler'
mb-gcc -Wall -O0 -g3 -c -fmessage-length=0 -MT"src/gpiotest.o" -I../../new01_bsp/microblaze_0/include -mlittle-endian -mcpu=v10.0 -mxl-soft-mul -Wl,--no-relax -ffunction-sections -fdata-sections -MMD -MP -MF"src/gpiotest.d" -MT"src/gpiotest.o" -o "src/gpiotest.o" "../src/gpiotest.c"
../src/gpiotest.c:2:19: fatal error: xgpio.h: No such file or directory
 #include "xgpio.h"
                   ^
compilation terminated.
make: *** [src/gpiotest.o] Error 1
13:33:15 **** Incremental Build of configuration Debug for project new02 ****
make all 
'Building file: ../src/new02.c'
'Invoking: MicroBlaze gcc compiler'
mb-gcc -Wall -O0 -g3 -c -fmessage-length=0 -MT"src/new02.o" -I../../new02_bsp/microblaze_0/include -mlittle-endian -mcpu=v10.0 -mxl-soft-mul -Wl,--no-relax -ffunction-sections -fdata-sections -MMD -MP -MF"src/new02.d" -MT"src/new02.o" -o "src/new02.o" "../src/new02.c"
../src/new02.c:49:22: fatal error: platform.h: No such file or directory
 #include "platform.h"
                      ^
compilation terminated.
make: *** [src/new02.o] Error 1
13:33:15 **** Incremental Build of configuration Debug for project newtest ****
make all 
'Building target: newtest.elf'
'Invoking: MicroBlaze gcc linker'
mb-gcc -Wl,-T -Wl,../src/lscript.ld -L../../newtest_bsp/microblaze_0/lib -mlittle-endian -mcpu=v10.0 -mxl-soft-mul -Wl,--no-relax -Wl,--gc-sections -o "newtest.elf"  ./src/new03.o   -Wl,--start-group,-lxil,-lgcc,-lc,--end-group
c:/xilinx/sdk/2017.4/gnu/microblaze/nt/bin/../lib/gcc/microblaze-xilinx-elf/6.2.0/../../../../microblaze-xilinx-elf/lib/le/crtinit.o: In function `_crtinit':
(.text+0x78): undefined reference to `main'
collect2.exe: error: ld returned 1 exit status
make: *** [newtest.elf] Error 1
13:33:34 **** Build of project hello_bsp ****
make -k all 
"Running Make include in microblaze_0/libsrc/bram_v4_2/src"
make -C microblaze_0/libsrc/bram_v4_2/src -s include  "SHELL=CMD" "COMPILER=mb-gcc" "ARCHIVER=mb-ar" "COMPILER_FLAGS= -O2 -c -mcpu=v10.0 -mlittle-endian -mxl-soft-mul" "EXTRA_COMPILER_FLAGS=-ffunction-sections -fdata-sections -Wall -Wextra"
"Running Make include in microblaze_0/libsrc/cpu_v2_6/src"
make -C microblaze_0/libsrc/cpu_v2_6/src -s include  "SHELL=CMD" "COMPILER=mb-gcc" "ARCHIVER=mb-ar" "COMPILER_FLAGS= -O2 -c -mcpu=v10.0 -mlittle-endian -mxl-soft-mul" "EXTRA_COMPILER_FLAGS=-ffunction-sections -fdata-sections -Wall -Wextra"
"Running Make include in microblaze_0/libsrc/gpio_v4_3/src"
make -C microblaze_0/libsrc/gpio_v4_3/src -s include  "SHELL=CMD" "COMPILER=mb-gcc" "ARCHIVER=mb-ar" "COMPILER_FLAGS= -O2 -c -mcpu=v10.0 -mlittle-endian -mxl-soft-mul" "EXTRA_COMPILER_FLAGS=-ffunction-sections -fdata-sections -Wall -Wextra"
"Running Make include in microblaze_0/libsrc/intc_v3_7/src"
make -C microblaze_0/libsrc/intc_v3_7/src -s include  "SHELL=CMD" "COMPILER=mb-gcc" "ARCHIVER=mb-ar" "COMPILER_FLAGS= -O2 -c -mcpu=v10.0 -mlittle-endian -mxl-soft-mul" "EXTRA_COMPILER_FLAGS=-ffunction-sections -fdata-sections -Wall -Wextra"
"Running Make include in microblaze_0/libsrc/standalone_v6_5/src"
make -C microblaze_0/libsrc/standalone_v6_5/src -s include  "SHELL=CMD" "COMPILER=mb-gcc" "ARCHIVER=mb-ar" "COMPILER_FLAGS= -O2 -c -mcpu=v10.0 -mlittle-endian -mxl-soft-mul" "EXTRA_COMPILER_FLAGS=-ffunction-sections -fdata-sections -Wall -Wextra"
"Running Make include in microblaze_0/libsrc/tmrctr_v4_4/src"
make -C microblaze_0/libsrc/tmrctr_v4_4/src -s include  "SHELL=CMD" "COMPILER=mb-gcc" "ARCHIVER=mb-ar" "COMPILER_FLAGS= -O2 -c -mcpu=v10.0 -mlittle-endian -mxl-soft-mul" "EXTRA_COMPILER_FLAGS=-ffunction-sections -fdata-sections -Wall -Wextra"
"Running Make include in microblaze_0/libsrc/uartlite_v3_2/src"
make -C microblaze_0/libsrc/uartlite_v3_2/src -s include  "SHELL=CMD" "COMPILER=mb-gcc" "ARCHIVER=mb-ar" "COMPILER_FLAGS= -O2 -c -mcpu=v10.0 -mlittle-endian -mxl-soft-mul" "EXTRA_COMPILER_FLAGS=-ffunction-sections -fdata-sections -Wall -Wextra"
"Running Make libs in microblaze_0/libsrc/bram_v4_2/src"
make -C microblaze_0/libsrc/bram_v4_2/src -s libs  "SHELL=CMD" "COMPILER=mb-gcc" "ARCHIVER=mb-ar" "COMPILER_FLAGS= -O2 -c -mcpu=v10.0 -mlittle-endian -mxl-soft-mul" "EXTRA_COMPILER_FLAGS=-ffunction-sections -fdata-sections -Wall -Wextra"
"Compiling bram"
mb-ar: creating ../../../lib/libxil.a
"Running Make libs in microblaze_0/libsrc/cpu_v2_6/src"
make -C microblaze_0/libsrc/cpu_v2_6/src -s libs  "SHELL=CMD" "COMPILER=mb-gcc" "ARCHIVER=mb-ar" "COMPILER_FLAGS= -O2 -c -mcpu=v10.0 -mlittle-endian -mxl-soft-mul" "EXTRA_COMPILER_FLAGS=-ffunction-sections -fdata-sections -Wall -Wextra"
"Compiling cpu"
"Running Make libs in microblaze_0/libsrc/gpio_v4_3/src"
make -C microblaze_0/libsrc/gpio_v4_3/src -s libs  "SHELL=CMD" "COMPILER=mb-gcc" "ARCHIVER=mb-ar" "COMPILER_FLAGS= -O2 -c -mcpu=v10.0 -mlittle-endian -mxl-soft-mul" "EXTRA_COMPILER_FLAGS=-ffunction-sections -fdata-sections -Wall -Wextra"
"Compiling gpio"
"Running Make libs in microblaze_0/libsrc/intc_v3_7/src"
make -C microblaze_0/libsrc/intc_v3_7/src -s libs  "SHELL=CMD" "COMPILER=mb-gcc" "ARCHIVER=mb-ar" "COMPILER_FLAGS= -O2 -c -mcpu=v10.0 -mlittle-endian -mxl-soft-mul" "EXTRA_COMPILER_FLAGS=-ffunction-sections -fdata-sections -Wall -Wextra"
"Compiling intc"
"Running Make libs in microblaze_0/libsrc/standalone_v6_5/src"
make -C microblaze_0/libsrc/standalone_v6_5/src -s libs  "SHELL=CMD" "COMPILER=mb-gcc" "ARCHIVER=mb-ar" "COMPILER_FLAGS= -O2 -c -mcpu=v10.0 -mlittle-endian -mxl-soft-mul" "EXTRA_COMPILER_FLAGS=-ffunction-sections -fdata-sections -Wall -Wextra"
"Compiling standalone";
"Running Make libs in microblaze_0/libsrc/tmrctr_v4_4/src"
make -C microblaze_0/libsrc/tmrctr_v4_4/src -s libs  "SHELL=CMD" "COMPILER=mb-gcc" "ARCHIVER=mb-ar" "COMPILER_FLAGS= -O2 -c -mcpu=v10.0 -mlittle-endian -mxl-soft-mul" "EXTRA_COMPILER_FLAGS=-ffunction-sections -fdata-sections -Wall -Wextra"
"Compiling tmrctr"
"Running Make libs in microblaze_0/libsrc/uartlite_v3_2/src"
make -C microblaze_0/libsrc/uartlite_v3_2/src -s libs  "SHELL=CMD" "COMPILER=mb-gcc" "ARCHIVER=mb-ar" "COMPILER_FLAGS= -O2 -c -mcpu=v10.0 -mlittle-endian -mxl-soft-mul" "EXTRA_COMPILER_FLAGS=-ffunction-sections -fdata-sections -Wall -Wextra"
"Compiling uartlite"
'Finished building libraries'
13:33:42 **** Build of configuration Debug for project hello ****
make all 
'Building file: ../src/helloworld.c'
'Invoking: MicroBlaze gcc compiler'
mb-gcc -Wall -O0 -g3 -c -fmessage-length=0 -MT"src/helloworld.o" -I../../hello_bsp/microblaze_0/include -mlittle-endian -mcpu=v10.0 -mxl-soft-mul -Wl,--no-relax -ffunction-sections -fdata-sections -MMD -MP -MF"src/helloworld.d" -MT"src/helloworld.o" -o "src/helloworld.o" "../src/helloworld.c"
'Finished building: ../src/helloworld.c'
' '
'Building file: ../src/platform.c'
'Invoking: MicroBlaze gcc compiler'
mb-gcc -Wall -O0 -g3 -c -fmessage-length=0 -MT"src/platform.o" -I../../hello_bsp/microblaze_0/include -mlittle-endian -mcpu=v10.0 -mxl-soft-mul -Wl,--no-relax -ffunction-sections -fdata-sections -MMD -MP -MF"src/platform.d" -MT"src/platform.o" -o "src/platform.o" "../src/platform.c"
'Finished building: ../src/platform.c'
' '
'Building target: hello.elf'
'Invoking: MicroBlaze gcc linker'
mb-gcc -Wl,-T -Wl,../src/lscript.ld -L../../hello_bsp/microblaze_0/lib -mlittle-endian -mcpu=v10.0 -mxl-soft-mul -Wl,--no-relax -Wl,--gc-sections -o "hello.elf"  ./src/helloworld.o ./src/platform.o   -Wl,--start-group,-lxil,-lgcc,-lc,--end-group
'Finished building target: hello.elf'
' '
'Invoking: MicroBlaze Print Size'
mb-size hello.elf  |tee "hello.elf.size"
   text	   data	    bss	    dec	    hex	filename
   3152	    308	   3108	   6568	   19a8	hello.elf
'Finished building: hello.elf.size'
' '
13:34:25 **** Incremental Build of configuration Debug for project hello ****
make all 
make: Nothing to be done for `all'.
13:34:27 **** Incremental Build of configuration Debug for project new01 ****
make all 
'Building file: ../src/gpiotest.c'
'Invoking: MicroBlaze gcc compiler'
mb-gcc -Wall -O0 -g3 -c -fmessage-length=0 -MT"src/gpiotest.o" -I../../new01_bsp/microblaze_0/include -mlittle-endian -mcpu=v10.0 -mxl-soft-mul -Wl,--no-relax -ffunction-sections -fdata-sections -MMD -MP -MF"src/gpiotest.d" -MT"src/gpiotest.o" -o "src/gpiotest.o" "../src/gpiotest.c"
../src/gpiotest.c:2:19: fatal error: xgpio.h: No such file or directory
 #include "xgpio.h"
                   ^
compilation terminated.
make: *** [src/gpiotest.o] Error 1
13:34:27 **** Incremental Build of configuration Debug for project new02 ****
make all 
'Building file: ../src/new02.c'
'Invoking: MicroBlaze gcc compiler'
mb-gcc -Wall -O0 -g3 -c -fmessage-length=0 -MT"src/new02.o" -I../../new02_bsp/microblaze_0/include -mlittle-endian -mcpu=v10.0 -mxl-soft-mul -Wl,--no-relax -ffunction-sections -fdata-sections -MMD -MP -MF"src/new02.d" -MT"src/new02.o" -o "src/new02.o" "../src/new02.c"
../src/new02.c:49:22: fatal error: platform.h: No such file or directory
 #include "platform.h"
                      ^
compilation terminated.
make: *** [src/new02.o] Error 1
13:34:28 **** Incremental Build of configuration Debug for project newtest ****
make all 
'Building target: newtest.elf'
'Invoking: MicroBlaze gcc linker'
mb-gcc -Wl,-T -Wl,../src/lscript.ld -L../../newtest_bsp/microblaze_0/lib -mlittle-endian -mcpu=v10.0 -mxl-soft-mul -Wl,--no-relax -Wl,--gc-sections -o "newtest.elf"  ./src/new03.o   -Wl,--start-group,-lxil,-lgcc,-lc,--end-group
c:/xilinx/sdk/2017.4/gnu/microblaze/nt/bin/../lib/gcc/microblaze-xilinx-elf/6.2.0/../../../../microblaze-xilinx-elf/lib/le/crtinit.o: In function `_crtinit':
(.text+0x78): undefined reference to `main'
collect2.exe: error: ld returned 1 exit status
make: *** [newtest.elf] Error 1
13:34:41 **** Incremental Build of configuration Debug for project hello ****
make all 
make: Nothing to be done for `all'.
13:34:42 **** Incremental Build of configuration Debug for project new01 ****
make all 
'Building file: ../src/gpiotest.c'
'Invoking: MicroBlaze gcc compiler'
mb-gcc -Wall -O0 -g3 -c -fmessage-length=0 -MT"src/gpiotest.o" -I../../new01_bsp/microblaze_0/include -mlittle-endian -mcpu=v10.0 -mxl-soft-mul -Wl,--no-relax -ffunction-sections -fdata-sections -MMD -MP -MF"src/gpiotest.d" -MT"src/gpiotest.o" -o "src/gpiotest.o" "../src/gpiotest.c"
../src/gpiotest.c:2:19: fatal error: xgpio.h: No such file or directory
 #include "xgpio.h"
                   ^
compilation terminated.
make: *** [src/gpiotest.o] Error 1
13:34:42 **** Incremental Build of configuration Debug for project new02 ****
make all 
'Building file: ../src/new02.c'
'Invoking: MicroBlaze gcc compiler'
mb-gcc -Wall -O0 -g3 -c -fmessage-length=0 -MT"src/new02.o" -I../../new02_bsp/microblaze_0/include -mlittle-endian -mcpu=v10.0 -mxl-soft-mul -Wl,--no-relax -ffunction-sections -fdata-sections -MMD -MP -MF"src/new02.d" -MT"src/new02.o" -o "src/new02.o" "../src/new02.c"
../src/new02.c:49:22: fatal error: platform.h: No such file or directory
 #include "platform.h"
                      ^
compilation terminated.
make: *** [src/new02.o] Error 1
13:34:43 **** Incremental Build of configuration Debug for project newtest ****
make all 
'Building target: newtest.elf'
'Invoking: MicroBlaze gcc linker'
mb-gcc -Wl,-T -Wl,../src/lscript.ld -L../../newtest_bsp/microblaze_0/lib -mlittle-endian -mcpu=v10.0 -mxl-soft-mul -Wl,--no-relax -Wl,--gc-sections -o "newtest.elf"  ./src/new03.o   -Wl,--start-group,-lxil,-lgcc,-lc,--end-group
c:/xilinx/sdk/2017.4/gnu/microblaze/nt/bin/../lib/gcc/microblaze-xilinx-elf/6.2.0/../../../../microblaze-xilinx-elf/lib/le/crtinit.o: In function `_crtinit':
(.text+0x78): undefined reference to `main'
collect2.exe: error: ld returned 1 exit status
make: *** [newtest.elf] Error 1
13:34:49 **** Incremental Build of configuration Debug for project hello ****
make all 
make: Nothing to be done for `all'.
13:34:49 **** Incremental Build of configuration Debug for project new01 ****
make all 
'Building file: ../src/gpiotest.c'
'Invoking: MicroBlaze gcc compiler'
mb-gcc -Wall -O0 -g3 -c -fmessage-length=0 -MT"src/gpiotest.o" -I../../new01_bsp/microblaze_0/include -mlittle-endian -mcpu=v10.0 -mxl-soft-mul -Wl,--no-relax -ffunction-sections -fdata-sections -MMD -MP -MF"src/gpiotest.d" -MT"src/gpiotest.o" -o "src/gpiotest.o" "../src/gpiotest.c"
../src/gpiotest.c:2:19: fatal error: xgpio.h: No such file or directory
 #include "xgpio.h"
                   ^
compilation terminated.
make: *** [src/gpiotest.o] Error 1
13:34:50 **** Incremental Build of configuration Debug for project new02 ****
make all 
'Building file: ../src/new02.c'
'Invoking: MicroBlaze gcc compiler'
mb-gcc -Wall -O0 -g3 -c -fmessage-length=0 -MT"src/new02.o" -I../../new02_bsp/microblaze_0/include -mlittle-endian -mcpu=v10.0 -mxl-soft-mul -Wl,--no-relax -ffunction-sections -fdata-sections -MMD -MP -MF"src/new02.d" -MT"src/new02.o" -o "src/new02.o" "../src/new02.c"
../src/new02.c:49:22: fatal error: platform.h: No such file or directory
 #include "platform.h"
                      ^
compilation terminated.
make: *** [src/new02.o] Error 1
13:34:51 **** Incremental Build of configuration Debug for project newtest ****
make all 
'Building target: newtest.elf'
'Invoking: MicroBlaze gcc linker'
mb-gcc -Wl,-T -Wl,../src/lscript.ld -L../../newtest_bsp/microblaze_0/lib -mlittle-endian -mcpu=v10.0 -mxl-soft-mul -Wl,--no-relax -Wl,--gc-sections -o "newtest.elf"  ./src/new03.o   -Wl,--start-group,-lxil,-lgcc,-lc,--end-group
c:/xilinx/sdk/2017.4/gnu/microblaze/nt/bin/../lib/gcc/microblaze-xilinx-elf/6.2.0/../../../../microblaze-xilinx-elf/lib/le/crtinit.o: In function `_crtinit':
(.text+0x78): undefined reference to `main'
collect2.exe: error: ld returned 1 exit status
make: *** [newtest.elf] Error 1
13:35:07 **** Incremental Build of configuration Debug for project hello ****
make all 
'Building file: ../src/helloworld.c'
'Invoking: MicroBlaze gcc compiler'
mb-gcc -Wall -O0 -g3 -c -fmessage-length=0 -MT"src/helloworld.o" -I../../hello_bsp/microblaze_0/include -mlittle-endian -mcpu=v10.0 -mxl-soft-mul -Wl,--no-relax -ffunction-sections -fdata-sections -MMD -MP -MF"src/helloworld.d" -MT"src/helloworld.o" -o "src/helloworld.o" "../src/helloworld.c"
'Finished building: ../src/helloworld.c'
' '
'Building target: hello.elf'
'Invoking: MicroBlaze gcc linker'
mb-gcc -Wl,-T -Wl,../src/lscript.ld -L../../hello_bsp/microblaze_0/lib -mlittle-endian -mcpu=v10.0 -mxl-soft-mul -Wl,--no-relax -Wl,--gc-sections -o "hello.elf"  ./src/helloworld.o ./src/platform.o   -Wl,--start-group,-lxil,-lgcc,-lc,--end-group
'Finished building target: hello.elf'
' '
'Invoking: MicroBlaze Print Size'
mb-size hello.elf  |tee "hello.elf.size"
   text	   data	    bss	    dec	    hex	filename
   3152	    308	   3108	   6568	   19a8	hello.elf
'Finished building: hello.elf.size'
' '
13:35:23 **** Incremental Build of configuration Debug for project hello ****
make all 
'Building file: ../src/helloworld.c'
'Invoking: MicroBlaze gcc compiler'
mb-gcc -Wall -O0 -g3 -c -fmessage-length=0 -MT"src/helloworld.o" -I../../hello_bsp/microblaze_0/include -mlittle-endian -mcpu=v10.0 -mxl-soft-mul -Wl,--no-relax -ffunction-sections -fdata-sections -MMD -MP -MF"src/helloworld.d" -MT"src/helloworld.o" -o "src/helloworld.o" "../src/helloworld.c"
'Finished building: ../src/helloworld.c'
' '
'Building target: hello.elf'
'Invoking: MicroBlaze gcc linker'
mb-gcc -Wl,-T -Wl,../src/lscript.ld -L../../hello_bsp/microblaze_0/lib -mlittle-endian -mcpu=v10.0 -mxl-soft-mul -Wl,--no-relax -Wl,--gc-sections -o "hello.elf"  ./src/helloworld.o ./src/platform.o   -Wl,--start-group,-lxil,-lgcc,-lc,--end-group
'Finished building target: hello.elf'
' '
'Invoking: MicroBlaze Print Size'
mb-size hello.elf  |tee "hello.elf.size"
   text	   data	    bss	    dec	    hex	filename
   3152	    308	   3108	   6568	   19a8	hello.elf
'Finished building: hello.elf.size'
' '
13:35:41 **** Incremental Build of configuration Debug for project hello ****
make all 
'Building file: ../src/helloworld.c'
'Invoking: MicroBlaze gcc compiler'
mb-gcc -Wall -O0 -g3 -c -fmessage-length=0 -MT"src/helloworld.o" -I../../hello_bsp/microblaze_0/include -mlittle-endian -mcpu=v10.0 -mxl-soft-mul -Wl,--no-relax -ffunction-sections -fdata-sections -MMD -MP -MF"src/helloworld.d" -MT"src/helloworld.o" -o "src/helloworld.o" "../src/helloworld.c"
'Finished building: ../src/helloworld.c'
' '
'Building target: hello.elf'
'Invoking: MicroBlaze gcc linker'
mb-gcc -Wl,-T -Wl,../src/lscript.ld -L../../hello_bsp/microblaze_0/lib -mlittle-endian -mcpu=v10.0 -mxl-soft-mul -Wl,--no-relax -Wl,--gc-sections -o "hello.elf"  ./src/helloworld.o ./src/platform.o   -Wl,--start-group,-lxil,-lgcc,-lc,--end-group
'Finished building target: hello.elf'
' '
'Invoking: MicroBlaze Print Size'
mb-size hello.elf  |tee "hello.elf.size"
   text	   data	    bss	    dec	    hex	filename
   3240	    308	   3108	   6656	   1a00	hello.elf
'Finished building: hello.elf.size'
' '
13:35:55 **** Incremental Build of configuration Debug for project hello ****
make all 
'Building file: ../src/helloworld.c'
'Invoking: MicroBlaze gcc compiler'
mb-gcc -Wall -O0 -g3 -c -fmessage-length=0 -MT"src/helloworld.o" -I../../hello_bsp/microblaze_0/include -mlittle-endian -mcpu=v10.0 -mxl-soft-mul -Wl,--no-relax -ffunction-sections -fdata-sections -MMD -MP -MF"src/helloworld.d" -MT"src/helloworld.o" -o "src/helloworld.o" "../src/helloworld.c"
'Finished building: ../src/helloworld.c'
' '
'Building target: hello.elf'
'Invoking: MicroBlaze gcc linker'
mb-gcc -Wl,-T -Wl,../src/lscript.ld -L../../hello_bsp/microblaze_0/lib -mlittle-endian -mcpu=v10.0 -mxl-soft-mul -Wl,--no-relax -Wl,--gc-sections -o "hello.elf"  ./src/helloworld.o ./src/platform.o   -Wl,--start-group,-lxil,-lgcc,-lc,--end-group
'Finished building target: hello.elf'
' '
'Invoking: MicroBlaze Print Size'
mb-size hello.elf  |tee "hello.elf.size"
   text	   data	    bss	    dec	    hex	filename
   3240	    308	   3108	   6656	   1a00	hello.elf
'Finished building: hello.elf.size'
' '
16:48:18 **** Auto Build of configuration Debug for project newtest ****
make all 
'Building file: ../src/new03.c'
'Invoking: MicroBlaze gcc compiler'
mb-gcc -Wall -O0 -g3 -c -fmessage-length=0 -MT"src/new03.o" -I../../newtest_bsp/microblaze_0/include -mlittle-endian -mcpu=v10.0 -mxl-soft-mul -Wl,--no-relax -ffunction-sections -fdata-sections -MMD -MP -MF"src/new03.d" -MT"src/new03.o" -o "src/new03.o" "../src/new03.c"
../src/new03.c:62:7: warning: return type of 'main' is not 'int' [-Wmain]
 void  main(void)
       ^~~~
../src/new03.c: In function 'main':
../src/new03.c:64:5: warning: implicit declaration of function 'init_platform' [-Wimplicit-function-declaration]
     init_platform();
     ^~~~~~~~~~~~~
../src/new03.c:69:5: warning: implicit declaration of function 'cleanup_platform' [-Wimplicit-function-declaration]
     cleanup_platform();
     ^~~~~~~~~~~~~~~~
'Finished building: ../src/new03.c'
' '
'Building target: newtest.elf'
'Invoking: MicroBlaze gcc linker'
mb-gcc -Wl,-T -Wl,../src/lscript.ld -L../../newtest_bsp/microblaze_0/lib -mlittle-endian -mcpu=v10.0 -mxl-soft-mul -Wl,--no-relax -Wl,--gc-sections -o "newtest.elf"  ./src/new03.o   -Wl,--start-group,-lxil,-lgcc,-lc,--end-group
./src/new03.o: In function `main':
C:\Users\ARIA5WK\Documents\ARTY_Proy\Clean_latest\FromWebSystem\FromWebSystem.sdk\newtest\Debug/../src/new03.c:64: undefined reference to `init_platform'
C:\Users\ARIA5WK\Documents\ARTY_Proy\Clean_latest\FromWebSystem\FromWebSystem.sdk\newtest\Debug/../src/new03.c:69: undefined reference to `cleanup_platform'
collect2.exe: error: ld returned 1 exit status
make: *** [newtest.elf] Error 1
16:49:12 **** Auto Build of project new01_bsp ****
make -k all 
"Running Make include in microblaze_0/libsrc/bram_v4_2/src"
make -C microblaze_0/libsrc/bram_v4_2/src -s include  "SHELL=CMD" "COMPILER=mb-gcc" "ARCHIVER=mb-ar" "COMPILER_FLAGS= -O2 -c -mcpu=v10.0 -mlittle-endian -mxl-soft-mul" "EXTRA_COMPILER_FLAGS=-ffunction-sections -fdata-sections -Wall -Wextra"
"Running Make include in microblaze_0/libsrc/cpu_v2_6/src"
make -C microblaze_0/libsrc/cpu_v2_6/src -s include  "SHELL=CMD" "COMPILER=mb-gcc" "ARCHIVER=mb-ar" "COMPILER_FLAGS= -O2 -c -mcpu=v10.0 -mlittle-endian -mxl-soft-mul" "EXTRA_COMPILER_FLAGS=-ffunction-sections -fdata-sections -Wall -Wextra"
"Running Make include in microblaze_0/libsrc/gpio_v4_3/src"
make -C microblaze_0/libsrc/gpio_v4_3/src -s include  "SHELL=CMD" "COMPILER=mb-gcc" "ARCHIVER=mb-ar" "COMPILER_FLAGS= -O2 -c -mcpu=v10.0 -mlittle-endian -mxl-soft-mul" "EXTRA_COMPILER_FLAGS=-ffunction-sections -fdata-sections -Wall -Wextra"
"Running Make include in microblaze_0/libsrc/intc_v3_7/src"
make -C microblaze_0/libsrc/intc_v3_7/src -s include  "SHELL=CMD" "COMPILER=mb-gcc" "ARCHIVER=mb-ar" "COMPILER_FLAGS= -O2 -c -mcpu=v10.0 -mlittle-endian -mxl-soft-mul" "EXTRA_COMPILER_FLAGS=-ffunction-sections -fdata-sections -Wall -Wextra"
"Running Make include in microblaze_0/libsrc/standalone_v6_5/src"
make -C microblaze_0/libsrc/standalone_v6_5/src -s include  "SHELL=CMD" "COMPILER=mb-gcc" "ARCHIVER=mb-ar" "COMPILER_FLAGS= -O2 -c -mcpu=v10.0 -mlittle-endian -mxl-soft-mul" "EXTRA_COMPILER_FLAGS=-ffunction-sections -fdata-sections -Wall -Wextra"
"Running Make include in microblaze_0/libsrc/tmrctr_v4_4/src"
make -C microblaze_0/libsrc/tmrctr_v4_4/src -s include  "SHELL=CMD" "COMPILER=mb-gcc" "ARCHIVER=mb-ar" "COMPILER_FLAGS= -O2 -c -mcpu=v10.0 -mlittle-endian -mxl-soft-mul" "EXTRA_COMPILER_FLAGS=-ffunction-sections -fdata-sections -Wall -Wextra"
"Running Make include in microblaze_0/libsrc/uartlite_v3_2/src"
make -C microblaze_0/libsrc/uartlite_v3_2/src -s include  "SHELL=CMD" "COMPILER=mb-gcc" "ARCHIVER=mb-ar" "COMPILER_FLAGS= -O2 -c -mcpu=v10.0 -mlittle-endian -mxl-soft-mul" "EXTRA_COMPILER_FLAGS=-ffunction-sections -fdata-sections -Wall -Wextra"
"Running Make libs in microblaze_0/libsrc/bram_v4_2/src"
make -C microblaze_0/libsrc/bram_v4_2/src -s libs  "SHELL=CMD" "COMPILER=mb-gcc" "ARCHIVER=mb-ar" "COMPILER_FLAGS= -O2 -c -mcpu=v10.0 -mlittle-endian -mxl-soft-mul" "EXTRA_COMPILER_FLAGS=-ffunction-sections -fdata-sections -Wall -Wextra"
"Compiling bram"
mb-ar: creating ../../../lib/libxil.a
"Running Make libs in microblaze_0/libsrc/cpu_v2_6/src"
make -C microblaze_0/libsrc/cpu_v2_6/src -s libs  "SHELL=CMD" "COMPILER=mb-gcc" "ARCHIVER=mb-ar" "COMPILER_FLAGS= -O2 -c -mcpu=v10.0 -mlittle-endian -mxl-soft-mul" "EXTRA_COMPILER_FLAGS=-ffunction-sections -fdata-sections -Wall -Wextra"
"Compiling cpu"
"Running Make libs in microblaze_0/libsrc/gpio_v4_3/src"
make -C microblaze_0/libsrc/gpio_v4_3/src -s libs  "SHELL=CMD" "COMPILER=mb-gcc" "ARCHIVER=mb-ar" "COMPILER_FLAGS= -O2 -c -mcpu=v10.0 -mlittle-endian -mxl-soft-mul" "EXTRA_COMPILER_FLAGS=-ffunction-sections -fdata-sections -Wall -Wextra"
"Compiling gpio"
"Running Make libs in microblaze_0/libsrc/intc_v3_7/src"
make -C microblaze_0/libsrc/intc_v3_7/src -s libs  "SHELL=CMD" "COMPILER=mb-gcc" "ARCHIVER=mb-ar" "COMPILER_FLAGS= -O2 -c -mcpu=v10.0 -mlittle-endian -mxl-soft-mul" "EXTRA_COMPILER_FLAGS=-ffunction-sections -fdata-sections -Wall -Wextra"
"Compiling intc"
"Running Make libs in microblaze_0/libsrc/standalone_v6_5/src"
make -C microblaze_0/libsrc/standalone_v6_5/src -s libs  "SHELL=CMD" "COMPILER=mb-gcc" "ARCHIVER=mb-ar" "COMPILER_FLAGS= -O2 -c -mcpu=v10.0 -mlittle-endian -mxl-soft-mul" "EXTRA_COMPILER_FLAGS=-ffunction-sections -fdata-sections -Wall -Wextra"
"Compiling standalone";
"Running Make libs in microblaze_0/libsrc/tmrctr_v4_4/src"
make -C microblaze_0/libsrc/tmrctr_v4_4/src -s libs  "SHELL=CMD" "COMPILER=mb-gcc" "ARCHIVER=mb-ar" "COMPILER_FLAGS= -O2 -c -mcpu=v10.0 -mlittle-endian -mxl-soft-mul" "EXTRA_COMPILER_FLAGS=-ffunction-sections -fdata-sections -Wall -Wextra"
"Compiling tmrctr"
"Running Make libs in microblaze_0/libsrc/uartlite_v3_2/src"
make -C microblaze_0/libsrc/uartlite_v3_2/src -s libs  "SHELL=CMD" "COMPILER=mb-gcc" "ARCHIVER=mb-ar" "COMPILER_FLAGS= -O2 -c -mcpu=v10.0 -mlittle-endian -mxl-soft-mul" "EXTRA_COMPILER_FLAGS=-ffunction-sections -fdata-sections -Wall -Wextra"
"Compiling uartlite"
'Finished building libraries'
16:49:22 **** Auto Build of configuration Debug for project new01 ****
make all 
'Building file: ../src/gpiotest.c'
'Invoking: MicroBlaze gcc compiler'
mb-gcc -Wall -O0 -g3 -c -fmessage-length=0 -MT"src/gpiotest.o" -I../../new01_bsp/microblaze_0/include -mlittle-endian -mcpu=v10.0 -mxl-soft-mul -Wl,--no-relax -ffunction-sections -fdata-sections -MMD -MP -MF"src/gpiotest.d" -MT"src/gpiotest.o" -o "src/gpiotest.o" "../src/gpiotest.c"
../src/gpiotest.c: In function 'main2':
../src/gpiotest.c:11:28: error: 'GpioOutput' undeclared (first use in this function)
    XGpio_SetDataDirection(&GpioOutput, LED_CHANNEL, 0x0);
                            ^~~~~~~~~~
../src/gpiotest.c:11:28: note: each undeclared identifier is reported only once for each function it appears in
../src/gpiotest.c:11:40: error: 'LED_CHANNEL' undeclared (first use in this function)
    XGpio_SetDataDirection(&GpioOutput, LED_CHANNEL, 0x0);
                                        ^~~~~~~~~~~
make: *** [src/gpiotest.o] Error 1
16:49:36 **** Auto Build of project new02_bsp ****
make -k all 
"Running Make include in microblaze_0/libsrc/bram_v4_2/src"
[...]
../src/helloworld.c: In function 'IntcExample':
../src/helloworld.c:113:39: warning: passing argument 2 of 'XTmrCtr_SetHandler' from incompatible pointer type [-Wincompatible-pointer-types]
  XTmrCtr_SetHandler(&TimerCounterInst,DeviceDriverHandler,&TimerCounterInst);
                                       ^~~~~~~~~~~~~~~~~~~
In file included from ../src/helloworld.c:35:0:
../../IntDelayTimer_bsp/microblaze_0/include/xtmrctr.h:306:6: note: expected 'XTmrCtr_Handler {aka void (*)(void *, unsigned char)}' but argument is of type 'void (*)(void *)'
 void XTmrCtr_SetHandler(XTmrCtr * InstancePtr, XTmrCtr_Handler FuncPtr,
      ^~~~~~~~~~~~~~~~~~
'Finished building: ../src/helloworld.c'
' '
'Building file: ../src/platform.c'
'Invoking: MicroBlaze gcc compiler'
mb-gcc -Wall -O0 -g3 -c -fmessage-length=0 -MT"src/platform.o" -I../../IntDelayTimer_bsp/microblaze_0/include -mlittle-endian -mcpu=v10.0 -mxl-soft-mul -Wl,--no-relax -ffunction-sections -fdata-sections -MMD -MP -MF"src/platform.d" -MT"src/platform.o" -o "src/platform.o" "../src/platform.c"
'Finished building: ../src/platform.c'
' '
'Building target: IntDelayTimer.elf'
'Invoking: MicroBlaze gcc linker'
mb-gcc -Wl,-T -Wl,../src/lscript.ld -L../../IntDelayTimer_bsp/microblaze_0/lib -mlittle-endian -mcpu=v10.0 -mxl-soft-mul -Wl,--no-relax -Wl,--gc-sections -o "IntDelayTimer.elf"  ./src/helloworld.o ./src/platform.o   -Wl,--start-group,-lxil,-lgcc,-lc,--end-group
'Finished building target: IntDelayTimer.elf'
' '
'Invoking: MicroBlaze Print Size'
mb-size IntDelayTimer.elf  |tee "IntDelayTimer.elf.size"
   text	   data	    bss	    dec	    hex	filename
   8128	    328	   3304	  11760	   2df0	IntDelayTimer.elf
'Finished building: IntDelayTimer.elf.size'
' '
16:19:53 **** Build of project JuegoLuces_bsp ****
make -k all 
"Running Make include in microblaze_0/libsrc/bram_v4_2/src"
make -C microblaze_0/libsrc/bram_v4_2/src -s include  "SHELL=CMD" "COMPILER=mb-gcc" "ARCHIVER=mb-ar" "COMPILER_FLAGS= -O2 -c -mcpu=v10.0 -mlittle-endian -mxl-soft-mul" "EXTRA_COMPILER_FLAGS=-ffunction-sections -fdata-sections -Wall -Wextra"
"Running Make include in microblaze_0/libsrc/cpu_v2_6/src"
make -C microblaze_0/libsrc/cpu_v2_6/src -s include  "SHELL=CMD" "COMPILER=mb-gcc" "ARCHIVER=mb-ar" "COMPILER_FLAGS= -O2 -c -mcpu=v10.0 -mlittle-endian -mxl-soft-mul" "EXTRA_COMPILER_FLAGS=-ffunction-sections -fdata-sections -Wall -Wextra"
"Running Make include in microblaze_0/libsrc/gpio_v4_3/src"
make -C microblaze_0/libsrc/gpio_v4_3/src -s include  "SHELL=CMD" "COMPILER=mb-gcc" "ARCHIVER=mb-ar" "COMPILER_FLAGS= -O2 -c -mcpu=v10.0 -mlittle-endian -mxl-soft-mul" "EXTRA_COMPILER_FLAGS=-ffunction-sections -fdata-sections -Wall -Wextra"
"Running Make include in microblaze_0/libsrc/intc_v3_7/src"
make -C microblaze_0/libsrc/intc_v3_7/src -s include  "SHELL=CMD" "COMPILER=mb-gcc" "ARCHIVER=mb-ar" "COMPILER_FLAGS= -O2 -c -mcpu=v10.0 -mlittle-endian -mxl-soft-mul" "EXTRA_COMPILER_FLAGS=-ffunction-sections -fdata-sections -Wall -Wextra"
"Running Make include in microblaze_0/libsrc/standalone_v6_5/src"
make -C microblaze_0/libsrc/standalone_v6_5/src -s include  "SHELL=CMD" "COMPILER=mb-gcc" "ARCHIVER=mb-ar" "COMPILER_FLAGS= -O2 -c -mcpu=v10.0 -mlittle-endian -mxl-soft-mul" "EXTRA_COMPILER_FLAGS=-ffunction-sections -fdata-sections -Wall -Wextra"
"Running Make include in microblaze_0/libsrc/tmrctr_v4_4/src"
make -C microblaze_0/libsrc/tmrctr_v4_4/src -s include  "SHELL=CMD" "COMPILER=mb-gcc" "ARCHIVER=mb-ar" "COMPILER_FLAGS= -O2 -c -mcpu=v10.0 -mlittle-endian -mxl-soft-mul" "EXTRA_COMPILER_FLAGS=-ffunction-sections -fdata-sections -Wall -Wextra"
"Running Make include in microblaze_0/libsrc/uartlite_v3_2/src"
make -C microblaze_0/libsrc/uartlite_v3_2/src -s include  "SHELL=CMD" "COMPILER=mb-gcc" "ARCHIVER=mb-ar" "COMPILER_FLAGS= -O2 -c -mcpu=v10.0 -mlittle-endian -mxl-soft-mul" "EXTRA_COMPILER_FLAGS=-ffunction-sections -fdata-sections -Wall -Wextra"
"Running Make libs in microblaze_0/libsrc/bram_v4_2/src"
make -C microblaze_0/libsrc/bram_v4_2/src -s libs  "SHELL=CMD" "COMPILER=mb-gcc" "ARCHIVER=mb-ar" "COMPILER_FLAGS= -O2 -c -mcpu=v10.0 -mlittle-endian -mxl-soft-mul" "EXTRA_COMPILER_FLAGS=-ffunction-sections -fdata-sections -Wall -Wextra"
"Compiling bram"
"Running Make libs in microblaze_0/libsrc/cpu_v2_6/src"
make -C microblaze_0/libsrc/cpu_v2_6/src -s libs  "SHELL=CMD" "COMPILER=mb-gcc" "ARCHIVER=mb-ar" "COMPILER_FLAGS= -O2 -c -mcpu=v10.0 -mlittle-endian -mxl-soft-mul" "EXTRA_COMPILER_FLAGS=-ffunction-sections -fdata-sections -Wall -Wextra"
"Compiling cpu"
"Running Make libs in microblaze_0/libsrc/gpio_v4_3/src"
make -C microblaze_0/libsrc/gpio_v4_3/src -s libs  "SHELL=CMD" "COMPILER=mb-gcc" "ARCHIVER=mb-ar" "COMPILER_FLAGS= -O2 -c -mcpu=v10.0 -mlittle-endian -mxl-soft-mul" "EXTRA_COMPILER_FLAGS=-ffunction-sections -fdata-sections -Wall -Wextra"
"Compiling gpio"
"Running Make libs in microblaze_0/libsrc/intc_v3_7/src"
make -C microblaze_0/libsrc/intc_v3_7/src -s libs  "SHELL=CMD" "COMPILER=mb-gcc" "ARCHIVER=mb-ar" "COMPILER_FLAGS= -O2 -c -mcpu=v10.0 -mlittle-endian -mxl-soft-mul" "EXTRA_COMPILER_FLAGS=-ffunction-sections -fdata-sections -Wall -Wextra"
"Compiling intc"
"Running Make libs in microblaze_0/libsrc/standalone_v6_5/src"
make -C microblaze_0/libsrc/standalone_v6_5/src -s libs  "SHELL=CMD" "COMPILER=mb-gcc" "ARCHIVER=mb-ar" "COMPILER_FLAGS= -O2 -c -mcpu=v10.0 -mlittle-endian -mxl-soft-mul" "EXTRA_COMPILER_FLAGS=-ffunction-sections -fdata-sections -Wall -Wextra"
"Compiling standalone";
"Running Make libs in microblaze_0/libsrc/tmrctr_v4_4/src"
make -C microblaze_0/libsrc/tmrctr_v4_4/src -s libs  "SHELL=CMD" "COMPILER=mb-gcc" "ARCHIVER=mb-ar" "COMPILER_FLAGS= -O2 -c -mcpu=v10.0 -mlittle-endian -mxl-soft-mul" "EXTRA_COMPILER_FLAGS=-ffunction-sections -fdata-sections -Wall -Wextra"
"Compiling tmrctr"
"Running Make libs in microblaze_0/libsrc/uartlite_v3_2/src"
make -C microblaze_0/libsrc/uartlite_v3_2/src -s libs  "SHELL=CMD" "COMPILER=mb-gcc" "ARCHIVER=mb-ar" "COMPILER_FLAGS= -O2 -c -mcpu=v10.0 -mlittle-endian -mxl-soft-mul" "EXTRA_COMPILER_FLAGS=-ffunction-sections -fdata-sections -Wall -Wextra"
"Compiling uartlite"
'Finished building libraries'
16:21:34 **** Build of configuration Debug for project JuegoLuces ****
make all 
'Building file: ../src/helloworld.c'
'Invoking: MicroBlaze gcc compiler'
mb-gcc -Wall -O0 -g3 -c -fmessage-length=0 -MT"src/helloworld.o" -I../../JuegoLuces_bsp/microblaze_0/include -mlittle-endian -mcpu=v10.0 -mxl-soft-mul -Wl,--no-relax -ffunction-sections -fdata-sections -MMD -MP -MF"src/helloworld.d" -MT"src/helloworld.o" -o "src/helloworld.o" "../src/helloworld.c"
../src/helloworld.c: In function 'IntcExample':
../src/helloworld.c:196:39: warning: passing argument 2 of 'XTmrCtr_SetHandler' from incompatible pointer type [-Wincompatible-pointer-types]
  XTmrCtr_SetHandler(&TimerCounterInst,DeviceDriverHandler,&TimerCounterInst);
                                       ^~~~~~~~~~~~~~~~~~~
In file included from ../src/helloworld.c:35:0:
../../JuegoLuces_bsp/microblaze_0/include/xtmrctr.h:306:6: note: expected 'XTmrCtr_Handler {aka void (*)(void *, unsigned char)}' but argument is of type 'void (*)(void *)'
 void XTmrCtr_SetHandler(XTmrCtr * InstancePtr, XTmrCtr_Handler FuncPtr,
      ^~~~~~~~~~~~~~~~~~
'Finished building: ../src/helloworld.c'
' '
'Building file: ../src/platform.c'
'Invoking: MicroBlaze gcc compiler'
mb-gcc -Wall -O0 -g3 -c -fmessage-length=0 -MT"src/platform.o" -I../../JuegoLuces_bsp/microblaze_0/include -mlittle-endian -mcpu=v10.0 -mxl-soft-mul -Wl,--no-relax -ffunction-sections -fdata-sections -MMD -MP -MF"src/platform.d" -MT"src/platform.o" -o "src/platform.o" "../src/platform.c"
'Finished building: ../src/platform.c'
' '
'Building target: JuegoLuces.elf'
'Invoking: MicroBlaze gcc linker'
mb-gcc -Wl,-T -Wl,../src/lscript.ld -L../../JuegoLuces_bsp/microblaze_0/lib -mlittle-endian -mcpu=v10.0 -mxl-soft-mul -Wl,--no-relax -Wl,--gc-sections -o "JuegoLuces.elf"  ./src/helloworld.o ./src/platform.o   -Wl,--start-group,-lxil,-lgcc,-lc,--end-group
'Finished building target: JuegoLuces.elf'
' '
'Invoking: MicroBlaze Print Size'
mb-size JuegoLuces.elf  |tee "JuegoLuces.elf.size"
   text	   data	    bss	    dec	    hex	filename
   9308	    328	   3308	  12944	   3290	JuegoLuces.elf
'Finished building: JuegoLuces.elf.size'
' '
16:21:57 **** Build of project TimerInteexample_bsp ****
make -k all 
"Running Make include in microblaze_0/libsrc/bram_v4_2/src"
make -C microblaze_0/libsrc/bram_v4_2/src -s include  "SHELL=CMD" "COMPILER=mb-gcc" "ARCHIVER=mb-ar" "COMPILER_FLAGS= -O2 -c -mcpu=v10.0 -mlittle-endian -mxl-soft-mul" "EXTRA_COMPILER_FLAGS=-ffunction-sections -fdata-sections -Wall -Wextra"
"Running Make include in microblaze_0/libsrc/cpu_v2_6/src"
make -C microblaze_0/libsrc/cpu_v2_6/src -s include  "SHELL=CMD" "COMPILER=mb-gcc" "ARCHIVER=mb-ar" "COMPILER_FLAGS= -O2 -c -mcpu=v10.0 -mlittle-endian -mxl-soft-mul" "EXTRA_COMPILER_FLAGS=-ffunction-sections -fdata-sections -Wall -Wextra"
"Running Make include in microblaze_0/libsrc/gpio_v4_3/src"
make -C microblaze_0/libsrc/gpio_v4_3/src -s include  "SHELL=CMD" "COMPILER=mb-gcc" "ARCHIVER=mb-ar" "COMPILER_FLAGS= -O2 -c -mcpu=v10.0 -mlittle-endian -mxl-soft-mul" "EXTRA_COMPILER_FLAGS=-ffunction-sections -fdata-sections -Wall -Wextra"
"Running Make include in microblaze_0/libsrc/intc_v3_7/src"
make -C microblaze_0/libsrc/intc_v3_7/src -s include  "SHELL=CMD" "COMPILER=mb-gcc" "ARCHIVER=mb-ar" "COMPILER_FLAGS= -O2 -c -mcpu=v10.0 -mlittle-endian -mxl-soft-mul" "EXTRA_COMPILER_FLAGS=-ffunction-sections -fdata-sections -Wall -Wextra"
"Running Make include in microblaze_0/libsrc/standalone_v6_5/src"
make -C microblaze_0/libsrc/standalone_v6_5/src -s include  "SHELL=CMD" "COMPILER=mb-gcc" "ARCHIVER=mb-ar" "COMPILER_FLAGS= -O2 -c -mcpu=v10.0 -mlittle-endian -mxl-soft-mul" "EXTRA_COMPILER_FLAGS=-ffunction-sections -fdata-sections -Wall -Wextra"
"Running Make include in microblaze_0/libsrc/tmrctr_v4_4/src"
make -C microblaze_0/libsrc/tmrctr_v4_4/src -s include  "SHELL=CMD" "COMPILER=mb-gcc" "ARCHIVER=mb-ar" "COMPILER_FLAGS= -O2 -c -mcpu=v10.0 -mlittle-endian -mxl-soft-mul" "EXTRA_COMPILER_FLAGS=-ffunction-sections -fdata-sections -Wall -Wextra"
"Running Make include in microblaze_0/libsrc/uartlite_v3_2/src"
make -C microblaze_0/libsrc/uartlite_v3_2/src -s include  "SHELL=CMD" "COMPILER=mb-gcc" "ARCHIVER=mb-ar" "COMPILER_FLAGS= -O2 -c -mcpu=v10.0 -mlittle-endian -mxl-soft-mul" "EXTRA_COMPILER_FLAGS=-ffunction-sections -fdata-sections -Wall -Wextra"
"Running Make libs in microblaze_0/libsrc/bram_v4_2/src"
make -C microblaze_0/libsrc/bram_v4_2/src -s libs  "SHELL=CMD" "COMPILER=mb-gcc" "ARCHIVER=mb-ar" "COMPILER_FLAGS= -O2 -c -mcpu=v10.0 -mlittle-endian -mxl-soft-mul" "EXTRA_COMPILER_FLAGS=-ffunction-sections -fdata-sections -Wall -Wextra"
"Compiling bram"
"Running Make libs in microblaze_0/libsrc/cpu_v2_6/src"
make -C microblaze_0/libsrc/cpu_v2_6/src -s libs  "SHELL=CMD" "COMPILER=mb-gcc" "ARCHIVER=mb-ar" "COMPILER_FLAGS= -O2 -c -mcpu=v10.0 -mlittle-endian -mxl-soft-mul" "EXTRA_COMPILER_FLAGS=-ffunction-sections -fdata-sections -Wall -Wextra"
"Compiling cpu"
"Running Make libs in microblaze_0/libsrc/gpio_v4_3/src"
make -C microblaze_0/libsrc/gpio_v4_3/src -s libs  "SHELL=CMD" "COMPILER=mb-gcc" "ARCHIVER=mb-ar" "COMPILER_FLAGS= -O2 -c -mcpu=v10.0 -mlittle-endian -mxl-soft-mul" "EXTRA_COMPILER_FLAGS=-ffunction-sections -fdata-sections -Wall -Wextra"
"Compiling gpio"
"Running Make libs in microblaze_0/libsrc/intc_v3_7/src"
make -C microblaze_0/libsrc/intc_v3_7/src -s libs  "SHELL=CMD" "COMPILER=mb-gcc" "ARCHIVER=mb-ar" "COMPILER_FLAGS= -O2 -c -mcpu=v10.0 -mlittle-endian -mxl-soft-mul" "EXTRA_COMPILER_FLAGS=-ffunction-sections -fdata-sections -Wall -Wextra"
"Compiling intc"
"Running Make libs in microblaze_0/libsrc/standalone_v6_5/src"
make -C microblaze_0/libsrc/standalone_v6_5/src -s libs  "SHELL=CMD" "COMPILER=mb-gcc" "ARCHIVER=mb-ar" "COMPILER_FLAGS= -O2 -c -mcpu=v10.0 -mlittle-endian -mxl-soft-mul" "EXTRA_COMPILER_FLAGS=-ffunction-sections -fdata-sections -Wall -Wextra"
"Compiling standalone";
"Running Make libs in microblaze_0/libsrc/tmrctr_v4_4/src"
make -C microblaze_0/libsrc/tmrctr_v4_4/src -s libs  "SHELL=CMD" "COMPILER=mb-gcc" "ARCHIVER=mb-ar" "COMPILER_FLAGS= -O2 -c -mcpu=v10.0 -mlittle-endian -mxl-soft-mul" "EXTRA_COMPILER_FLAGS=-ffunction-sections -fdata-sections -Wall -Wextra"
"Compiling tmrctr"
"Running Make libs in microblaze_0/libsrc/uartlite_v3_2/src"
make -C microblaze_0/libsrc/uartlite_v3_2/src -s libs  "SHELL=CMD" "COMPILER=mb-gcc" "ARCHIVER=mb-ar" "COMPILER_FLAGS= -O2 -c -mcpu=v10.0 -mlittle-endian -mxl-soft-mul" "EXTRA_COMPILER_FLAGS=-ffunction-sections -fdata-sections -Wall -Wextra"
"Compiling uartlite"
'Finished building libraries'
16:23:24 **** Build of configuration Debug for project TimerInteexample ****
make all 
'Building file: ../src/helloworld.c'
'Invoking: MicroBlaze gcc compiler'
mb-gcc -Wall -O0 -g3 -c -fmessage-length=0 -MT"src/helloworld.o" -I../../TimerInteexample_bsp/microblaze_0/include -mlittle-endian -mcpu=v10.0 -mxl-soft-mul -Wl,--no-relax -ffunction-sections -fdata-sections -MMD -MP -MF"src/helloworld.d" -MT"src/helloworld.o" -o "src/helloworld.o" "../src/helloworld.c"
../src/helloworld.c: In function 'IntcExample':
../src/helloworld.c:103:39: warning: passing argument 2 of 'XTmrCtr_SetHandler' from incompatible pointer type [-Wincompatible-pointer-types]
  XTmrCtr_SetHandler(&TimerCounterInst,DeviceDriverHandler,&TimerCounterInst);
                                       ^~~~~~~~~~~~~~~~~~~
In file included from ../src/helloworld.c:34:0:
../../TimerInteexample_bsp/microblaze_0/include/xtmrctr.h:306:6: note: expected 'XTmrCtr_Handler {aka void (*)(void *, unsigned char)}' but argument is of type 'void (*)(void *)'
 void XTmrCtr_SetHandler(XTmrCtr * InstancePtr, XTmrCtr_Handler FuncPtr,
      ^~~~~~~~~~~~~~~~~~
'Finished building: ../src/helloworld.c'
' '
'Building file: ../src/platform.c'
'Invoking: MicroBlaze gcc compiler'
mb-gcc -Wall -O0 -g3 -c -fmessage-length=0 -MT"src/platform.o" -I../../TimerInteexample_bsp/microblaze_0/include -mlittle-endian -mcpu=v10.0 -mxl-soft-mul -Wl,--no-relax -ffunction-sections -fdata-sections -MMD -MP -MF"src/platform.d" -MT"src/platform.o" -o "src/platform.o" "../src/platform.c"
'Finished building: ../src/platform.c'
' '
'Building target: TimerInteexample.elf'
'Invoking: MicroBlaze gcc linker'
mb-gcc -Wl,-T -Wl,../src/lscript.ld -L../../TimerInteexample_bsp/microblaze_0/lib -mlittle-endian -mcpu=v10.0 -mxl-soft-mul -Wl,--no-relax -Wl,--gc-sections -o "TimerInteexample.elf"  ./src/helloworld.o ./src/platform.o   -Wl,--start-group,-lxil,-lgcc,-lc,--end-group
'Finished building target: TimerInteexample.elf'
' '
'Invoking: MicroBlaze Print Size'
mb-size TimerInteexample.elf  |tee "TimerInteexample.elf.size"
   text	   data	    bss	    dec	    hex	filename
   8060	    328	   3308	  11696	   2db0	TimerInteexample.elf
'Finished building: TimerInteexample.elf.size'
' '
16:23:35 **** Build of project edwi03_bsp ****
make -k all 
"Running Make include in microblaze_0/libsrc/bram_v4_2/src"
make -C microblaze_0/libsrc/bram_v4_2/src -s include  "SHELL=CMD" "COMPILER=mb-gcc" "ARCHIVER=mb-ar" "COMPILER_FLAGS= -O2 -c -mcpu=v10.0 -mlittle-endian -mxl-soft-mul" "EXTRA_COMPILER_FLAGS=-ffunction-sections -fdata-sections -Wall -Wextra"
"Running Make include in microblaze_0/libsrc/cpu_v2_6/src"
make -C microblaze_0/libsrc/cpu_v2_6/src -s include  "SHELL=CMD" "COMPILER=mb-gcc" "ARCHIVER=mb-ar" "COMPILER_FLAGS= -O2 -c -mcpu=v10.0 -mlittle-endian -mxl-soft-mul" "EXTRA_COMPILER_FLAGS=-ffunction-sections -fdata-sections -Wall -Wextra"
"Running Make include in microblaze_0/libsrc/gpio_v4_3/src"
make -C microblaze_0/libsrc/gpio_v4_3/src -s include  "SHELL=CMD" "COMPILER=mb-gcc" "ARCHIVER=mb-ar" "COMPILER_FLAGS= -O2 -c -mcpu=v10.0 -mlittle-endian -mxl-soft-mul" "EXTRA_COMPILER_FLAGS=-ffunction-sections -fdata-sections -Wall -Wextra"
"Running Make include in microblaze_0/libsrc/intc_v3_7/src"
make -C microblaze_0/libsrc/intc_v3_7/src -s include  "SHELL=CMD" "COMPILER=mb-gcc" "ARCHIVER=mb-ar" "COMPILER_FLAGS= -O2 -c -mcpu=v10.0 -mlittle-endian -mxl-soft-mul" "EXTRA_COMPILER_FLAGS=-ffunction-sections -fdata-sections -Wall -Wextra"
"Running Make include in microblaze_0/libsrc/standalone_v6_5/src"
make -C microblaze_0/libsrc/standalone_v6_5/src -s include  "SHELL=CMD" "COMPILER=mb-gcc" "ARCHIVER=mb-ar" "COMPILER_FLAGS= -O2 -c -mcpu=v10.0 -mlittle-endian -mxl-soft-mul" "EXTRA_COMPILER_FLAGS=-ffunction-sections -fdata-sections -Wall -Wextra"
"Running Make include in microblaze_0/libsrc/tmrctr_v4_4/src"
make -C microblaze_0/libsrc/tmrctr_v4_4/src -s include  "SHELL=CMD" "COMPILER=mb-gcc" "ARCHIVER=mb-ar" "COMPILER_FLAGS= -O2 -c -mcpu=v10.0 -mlittle-endian -mxl-soft-mul" "EXTRA_COMPILER_FLAGS=-ffunction-sections -fdata-sections -Wall -Wextra"
"Running Make include in microblaze_0/libsrc/uartlite_v3_2/src"
make -C microblaze_0/libsrc/uartlite_v3_2/src -s include  "SHELL=CMD" "COMPILER=mb-gcc" "ARCHIVER=mb-ar" "COMPILER_FLAGS= -O2 -c -mcpu=v10.0 -mlittle-endian -mxl-soft-mul" "EXTRA_COMPILER_FLAGS=-ffunction-sections -fdata-sections -Wall -Wextra"
"Running Make libs in microblaze_0/libsrc/bram_v4_2/src"
make -C microblaze_0/libsrc/bram_v4_2/src -s libs  "SHELL=CMD" "COMPILER=mb-gcc" "ARCHIVER=mb-ar" "COMPILER_FLAGS= -O2 -c -mcpu=v10.0 -mlittle-endian -mxl-soft-mul" "EXTRA_COMPILER_FLAGS=-ffunction-sections -fdata-sections -Wall -Wextra"
"Compiling bram"
"Running Make libs in microblaze_0/libsrc/cpu_v2_6/src"
make -C microblaze_0/libsrc/cpu_v2_6/src -s libs  "SHELL=CMD" "COMPILER=mb-gcc" "ARCHIVER=mb-ar" "COMPILER_FLAGS= -O2 -c -mcpu=v10.0 -mlittle-endian -mxl-soft-mul" "EXTRA_COMPILER_FLAGS=-ffunction-sections -fdata-sections -Wall -Wextra"
"Compiling cpu"
"Running Make libs in microblaze_0/libsrc/gpio_v4_3/src"
make -C microblaze_0/libsrc/gpio_v4_3/src -s libs  "SHELL=CMD" "COMPILER=mb-gcc" "ARCHIVER=mb-ar" "COMPILER_FLAGS= -O2 -c -mcpu=v10.0 -mlittle-endian -mxl-soft-mul" "EXTRA_COMPILER_FLAGS=-ffunction-sections -fdata-sections -Wall -Wextra"
"Compiling gpio"
"Running Make libs in microblaze_0/libsrc/intc_v3_7/src"
make -C microblaze_0/libsrc/intc_v3_7/src -s libs  "SHELL=CMD" "COMPILER=mb-gcc" "ARCHIVER=mb-ar" "COMPILER_FLAGS= -O2 -c -mcpu=v10.0 -mlittle-endian -mxl-soft-mul" "EXTRA_COMPILER_FLAGS=-ffunction-sections -fdata-sections -Wall -Wextra"
"Compiling intc"
"Running Make libs in microblaze_0/libsrc/standalone_v6_5/src"
make -C microblaze_0/libsrc/standalone_v6_5/src -s libs  "SHELL=CMD" "COMPILER=mb-gcc" "ARCHIVER=mb-ar" "COMPILER_FLAGS= -O2 -c -mcpu=v10.0 -mlittle-endian -mxl-soft-mul" "EXTRA_COMPILER_FLAGS=-ffunction-sections -fdata-sections -Wall -Wextra"
"Compiling standalone";
"Running Make libs in microblaze_0/libsrc/tmrctr_v4_4/src"
make -C microblaze_0/libsrc/tmrctr_v4_4/src -s libs  "SHELL=CMD" "COMPILER=mb-gcc" "ARCHIVER=mb-ar" "COMPILER_FLAGS= -O2 -c -mcpu=v10.0 -mlittle-endian -mxl-soft-mul" "EXTRA_COMPILER_FLAGS=-ffunction-sections -fdata-sections -Wall -Wextra"
"Compiling tmrctr"
"Running Make libs in microblaze_0/libsrc/uartlite_v3_2/src"
make -C microblaze_0/libsrc/uartlite_v3_2/src -s libs  "SHELL=CMD" "COMPILER=mb-gcc" "ARCHIVER=mb-ar" "COMPILER_FLAGS= -O2 -c -mcpu=v10.0 -mlittle-endian -mxl-soft-mul" "EXTRA_COMPILER_FLAGS=-ffunction-sections -fdata-sections -Wall -Wextra"
"Compiling uartlite"
'Finished building libraries'
16:28:41 **** Incremental Build of configuration Debug for project ExampleInterrupt ****
make all 
make: Nothing to be done for `all'.
16:32:23 **** Incremental Build of configuration Debug for project IntDelayTimer ****
make all 
make: Nothing to be done for `all'.
16:33:21 **** Incremental Build of configuration Debug for project TimerInteexample ****
make all 
make: Nothing to be done for `all'.
17:01:48 **** Incremental Build of configuration Debug for project JuegoLuces ****
make all 
make: Nothing to be done for `all'.
