16:21:34 **** Build of configuration Debug for project JuegoLuces ****
make all 
'Building file: ../src/helloworld.c'
'Invoking: MicroBlaze gcc compiler'
mb-gcc -Wall -O0 -g3 -c -fmessage-length=0 -MT"src/helloworld.o" -I../../JuegoLuces_bsp/microblaze_0/include -mlittle-endian -mcpu=v10.0 -mxl-soft-mul -Wl,--no-relax -ffunction-sections -fdata-sections -MMD -MP -MF"src/helloworld.d" -MT"src/helloworld.o" -o "src/helloworld.o" "../src/helloworld.c"
../src/helloworld.c: In function 'IntcExample':
../src/helloworld.c:196:39: warning: passing argument 2 of 'XTmrCtr_SetHandler' from incompatible pointer type [-Wincompatible-pointer-types]
  XTmrCtr_SetHandler(&TimerCounterInst,DeviceDriverHandler,&TimerCounterInst);
                                       ^~~~~~~~~~~~~~~~~~~
In file included from ../src/helloworld.c:35:0:
../../JuegoLuces_bsp/microblaze_0/include/xtmrctr.h:306:6: note: expected 'XTmrCtr_Handler {aka void (*)(void *, unsigned char)}' but argument is of type 'void (*)(void *)'
 void XTmrCtr_SetHandler(XTmrCtr * InstancePtr, XTmrCtr_Handler FuncPtr,
      ^~~~~~~~~~~~~~~~~~
'Finished building: ../src/helloworld.c'
' '
'Building file: ../src/platform.c'
'Invoking: MicroBlaze gcc compiler'
mb-gcc -Wall -O0 -g3 -c -fmessage-length=0 -MT"src/platform.o" -I../../JuegoLuces_bsp/microblaze_0/include -mlittle-endian -mcpu=v10.0 -mxl-soft-mul -Wl,--no-relax -ffunction-sections -fdata-sections -MMD -MP -MF"src/platform.d" -MT"src/platform.o" -o "src/platform.o" "../src/platform.c"
'Finished building: ../src/platform.c'
' '
'Building target: JuegoLuces.elf'
'Invoking: MicroBlaze gcc linker'
mb-gcc -Wl,-T -Wl,../src/lscript.ld -L../../JuegoLuces_bsp/microblaze_0/lib -mlittle-endian -mcpu=v10.0 -mxl-soft-mul -Wl,--no-relax -Wl,--gc-sections -o "JuegoLuces.elf"  ./src/helloworld.o ./src/platform.o   -Wl,--start-group,-lxil,-lgcc,-lc,--end-group
'Finished building target: JuegoLuces.elf'
' '
'Invoking: MicroBlaze Print Size'
mb-size JuegoLuces.elf  |tee "JuegoLuces.elf.size"
   text	   data	    bss	    dec	    hex	filename
   9308	    328	   3308	  12944	   3290	JuegoLuces.elf
'Finished building: JuegoLuces.elf.size'
' '

16:21:57 Build Finished (took 23s.565ms)

