#-----------------------------------------------------------
# Vivado v2017.4 (64-bit)
# SW Build 2086221 on Fri Dec 15 20:55:39 MST 2017
# IP Build 2085800 on Fri Dec 15 22:25:07 MST 2017
# Start of session at: Thu Aug 16 13:25:56 2018
# Process ID: 8036
# Current directory: C:/Users/E.Marte/Documents/GitHub/Marte_Fpga/ArtyS7MarteReview/SimpleGpio
# Command line: vivado.exe -gui_launcher_event rodinguilauncherevent9688 C:\Users\E.Marte\Documents\GitHub\Marte_Fpga\ArtyS7MarteReview\SimpleGpio\Review_01.xpr
# Log file: C:/Users/E.Marte/Documents/GitHub/Marte_Fpga/ArtyS7MarteReview/SimpleGpio/vivado.log
# Journal file: C:/Users/E.Marte/Documents/GitHub/Marte_Fpga/ArtyS7MarteReview/SimpleGpio\vivado.jou
#-----------------------------------------------------------
start_gui
open_project C:/Users/E.Marte/Documents/GitHub/Marte_Fpga/ArtyS7MarteReview/SimpleGpio/Review_01.xpr
update_compile_order -fileset sources_1
open_bd_design {C:/Users/E.Marte/Documents/GitHub/Marte_Fpga/ArtyS7MarteReview/SimpleGpio/Review_01.srcs/sources_1/bd/design_1/design_1.bd}
launch_sdk -workspace C:/Users/E.Marte/Documents/GitHub/Marte_Fpga/ArtyS7MarteReview/SimpleGpio/Review_01.sdk -hwspec C:/Users/E.Marte/Documents/GitHub/Marte_Fpga/ArtyS7MarteReview/SimpleGpio/Review_01.sdk/design_1_wrapper.hdf
launch_sdk -workspace C:/Users/E.Marte/Documents/GitHub/Marte_Fpga/ArtyS7MarteReview/SimpleGpio/Review_01.sdk -hwspec C:/Users/E.Marte/Documents/GitHub/Marte_Fpga/ArtyS7MarteReview/SimpleGpio/Review_01.sdk/design_1_wrapper.hdf
launch_sdk -workspace C:/Users/E.Marte/Documents/GitHub/Marte_Fpga/ArtyS7MarteReview/SimpleGpio/Review_01.sdk -hwspec C:/Users/E.Marte/Documents/GitHub/Marte_Fpga/ArtyS7MarteReview/SimpleGpio/Review_01.sdk/design_1_wrapper.hdf
